// Jest Snapshot v1, https://goo.gl/fbAQLP

exports[`wonder-blocks-layout example 1 1`] = `
<div
  className=""
  style={
    Object {
      "alignItems": "stretch",
      "border": "solid 1px rgba(33,36,44,0.50)",
      "borderStyle": "solid",
      "borderWidth": 0,
      "boxSizing": "border-box",
      "display": "flex",
      "flexDirection": "row",
      "margin": 0,
      "minHeight": 0,
      "minWidth": 0,
      "padding": 0,
      "position": "relative",
      "zIndex": 0,
    }
  }
>
  <button
    className=""
    disabled={false}
    onBlur={[Function]}
    onClick={[Function]}
    onFocus={[Function]}
    onKeyDown={[Function]}
    onKeyUp={[Function]}
    onMouseDown={[Function]}
    onMouseEnter={[Function]}
    onMouseLeave={[Function]}
    onMouseUp={[Function]}
    onTouchCancel={[Function]}
    onTouchEnd={[Function]}
    onTouchStart={[Function]}
    style={
      Object {
        "::MozFocusInner": Object {
          "border": 0,
        },
        "alignItems": "center",
        "background": "#1865f2",
        "border": "none",
        "borderRadius": 4,
        "boxSizing": "border-box",
        "color": "#ffffff",
        "cursor": "pointer",
        "display": "inline-flex",
        "height": 40,
        "justifyContent": "center",
        "margin": 0,
        "outline": "none",
        "paddingBottom": 0,
        "paddingLeft": 16,
        "paddingRight": 16,
        "paddingTop": 0,
        "position": "relative",
        "textDecoration": "none",
        "width": 100,
      }
    }
    tabIndex={0}
  >
    <span
      className=""
      style={
        Object {
          "MozOsxFontSmoothing": "grayscale",
          "WebkitFontSmoothing": "antialiased",
          "display": "block",
          "fontFamily": "Lato, sans-serif",
          "fontSize": 16,
          "fontWeight": "bold",
          "lineHeight": "20px",
          "pointerEvents": "none",
        }
      }
    >
      A
    </span>
  </button>
  <div
    aria-hidden="true"
    className=""
    style={
      Object {
        "MsFlexBasis": 12,
        "MsFlexPreferredSize": 12,
        "WebkitFlexBasis": 12,
        "alignItems": "stretch",
        "borderStyle": "solid",
        "borderWidth": 0,
        "boxSizing": "border-box",
        "display": "flex",
        "flexBasis": 12,
        "flexDirection": "column",
        "flexShrink": 0,
        "margin": 0,
        "minHeight": 0,
        "minWidth": 0,
        "padding": 0,
        "position": "relative",
        "zIndex": 0,
      }
    }
  />
  <button
    className=""
    disabled={false}
    onBlur={[Function]}
    onClick={[Function]}
    onFocus={[Function]}
    onKeyDown={[Function]}
    onKeyUp={[Function]}
    onMouseDown={[Function]}
    onMouseEnter={[Function]}
    onMouseLeave={[Function]}
    onMouseUp={[Function]}
    onTouchCancel={[Function]}
    onTouchEnd={[Function]}
    onTouchStart={[Function]}
    style={
      Object {
        "::MozFocusInner": Object {
          "border": 0,
        },
        "alignItems": "center",
        "background": "#1865f2",
        "border": "none",
        "borderRadius": 4,
        "boxSizing": "border-box",
        "color": "#ffffff",
        "cursor": "pointer",
        "display": "inline-flex",
        "height": 40,
        "justifyContent": "center",
        "margin": 0,
        "outline": "none",
        "paddingBottom": 0,
        "paddingLeft": 16,
        "paddingRight": 16,
        "paddingTop": 0,
        "position": "relative",
        "textDecoration": "none",
        "width": 100,
      }
    }
    tabIndex={0}
  >
    <span
      className=""
      style={
        Object {
          "MozOsxFontSmoothing": "grayscale",
          "WebkitFontSmoothing": "antialiased",
          "display": "block",
          "fontFamily": "Lato, sans-serif",
          "fontSize": 16,
          "fontWeight": "bold",
          "lineHeight": "20px",
          "pointerEvents": "none",
        }
      }
    >
      B
    </span>
  </button>
  <div
    aria-hidden="true"
    className=""
    style={
      Object {
        "MsFlexBasis": 12,
        "MsFlexPreferredSize": 12,
        "WebkitFlexBasis": 12,
        "alignItems": "stretch",
        "borderStyle": "solid",
        "borderWidth": 0,
        "boxSizing": "border-box",
        "display": "flex",
        "flexBasis": 12,
        "flexDirection": "column",
        "flexShrink": 0,
        "margin": 0,
        "minHeight": 0,
        "minWidth": 0,
        "padding": 0,
        "position": "relative",
        "zIndex": 0,
      }
    }
  />
  <button
    className=""
    disabled={false}
    onBlur={[Function]}
    onClick={[Function]}
    onFocus={[Function]}
    onKeyDown={[Function]}
    onKeyUp={[Function]}
    onMouseDown={[Function]}
    onMouseEnter={[Function]}
    onMouseLeave={[Function]}
    onMouseUp={[Function]}
    onTouchCancel={[Function]}
    onTouchEnd={[Function]}
    onTouchStart={[Function]}
    style={
      Object {
        "::MozFocusInner": Object {
          "border": 0,
        },
        "alignItems": "center",
        "background": "#1865f2",
        "border": "none",
        "borderRadius": 4,
        "boxSizing": "border-box",
        "color": "#ffffff",
        "cursor": "pointer",
        "display": "inline-flex",
        "height": 40,
        "justifyContent": "center",
        "margin": 0,
        "outline": "none",
        "paddingBottom": 0,
        "paddingLeft": 16,
        "paddingRight": 16,
        "paddingTop": 0,
        "position": "relative",
        "textDecoration": "none",
        "width": 100,
      }
    }
    tabIndex={0}
  >
    <span
      className=""
      style={
        Object {
          "MozOsxFontSmoothing": "grayscale",
          "WebkitFontSmoothing": "antialiased",
          "display": "block",
          "fontFamily": "Lato, sans-serif",
          "fontSize": 16,
          "fontWeight": "bold",
          "lineHeight": "20px",
          "pointerEvents": "none",
        }
      }
    >
      C
    </span>
  </button>
  <div
    aria-hidden="true"
    className=""
    style={
      Object {
        "alignItems": "stretch",
        "borderStyle": "solid",
        "borderWidth": 0,
        "boxSizing": "border-box",
        "display": "flex",
        "flexDirection": "column",
        "flexGrow": 1,
        "margin": 0,
        "minHeight": 0,
        "minWidth": 0,
        "padding": 0,
        "position": "relative",
        "zIndex": 0,
      }
    }
  />
  <button
    className=""
    disabled={false}
    onBlur={[Function]}
    onClick={[Function]}
    onFocus={[Function]}
    onKeyDown={[Function]}
    onKeyUp={[Function]}
    onMouseDown={[Function]}
    onMouseEnter={[Function]}
    onMouseLeave={[Function]}
    onMouseUp={[Function]}
    onTouchCancel={[Function]}
    onTouchEnd={[Function]}
    onTouchStart={[Function]}
    style={
      Object {
        "::MozFocusInner": Object {
          "border": 0,
        },
        "alignItems": "center",
        "background": "#1865f2",
        "border": "none",
        "borderRadius": 4,
        "boxSizing": "border-box",
        "color": "#ffffff",
        "cursor": "pointer",
        "display": "inline-flex",
        "height": 40,
        "justifyContent": "center",
        "margin": 0,
        "outline": "none",
        "paddingBottom": 0,
        "paddingLeft": 16,
        "paddingRight": 16,
        "paddingTop": 0,
        "position": "relative",
        "textDecoration": "none",
        "width": 100,
      }
    }
    tabIndex={0}
  >
    <span
      className=""
      style={
        Object {
          "MozOsxFontSmoothing": "grayscale",
          "WebkitFontSmoothing": "antialiased",
          "display": "block",
          "fontFamily": "Lato, sans-serif",
          "fontSize": 16,
          "fontWeight": "bold",
          "lineHeight": "20px",
          "pointerEvents": "none",
        }
      }
    >
      Cancel
    </span>
  </button>
  <div
    aria-hidden="true"
    className=""
    style={
      Object {
        "MsFlexBasis": 12,
        "MsFlexPreferredSize": 12,
        "WebkitFlexBasis": 12,
        "alignItems": "stretch",
        "borderStyle": "solid",
        "borderWidth": 0,
        "boxSizing": "border-box",
        "display": "flex",
        "flexBasis": 12,
        "flexDirection": "column",
        "flexShrink": 0,
        "margin": 0,
        "minHeight": 0,
        "minWidth": 0,
        "padding": 0,
        "position": "relative",
        "zIndex": 0,
      }
    }
  />
  <button
    className=""
    disabled={false}
    onBlur={[Function]}
    onClick={[Function]}
    onFocus={[Function]}
    onKeyDown={[Function]}
    onKeyUp={[Function]}
    onMouseDown={[Function]}
    onMouseEnter={[Function]}
    onMouseLeave={[Function]}
    onMouseUp={[Function]}
    onTouchCancel={[Function]}
    onTouchEnd={[Function]}
    onTouchStart={[Function]}
    style={
      Object {
        "::MozFocusInner": Object {
          "border": 0,
        },
        "alignItems": "center",
        "background": "#1865f2",
        "border": "none",
        "borderRadius": 4,
        "boxSizing": "border-box",
        "color": "#ffffff",
        "cursor": "pointer",
        "display": "inline-flex",
        "height": 40,
        "justifyContent": "center",
        "margin": 0,
        "outline": "none",
        "paddingBottom": 0,
        "paddingLeft": 16,
        "paddingRight": 16,
        "paddingTop": 0,
        "position": "relative",
        "textDecoration": "none",
        "width": 100,
      }
    }
    tabIndex={0}
  >
    <span
      className=""
      style={
        Object {
          "MozOsxFontSmoothing": "grayscale",
          "WebkitFontSmoothing": "antialiased",
          "display": "block",
          "fontFamily": "Lato, sans-serif",
          "fontSize": 16,
          "fontWeight": "bold",
          "lineHeight": "20px",
          "pointerEvents": "none",
        }
      }
    >
      Accept
    </span>
  </button>
</div>
`;
