// Jest Snapshot v1, https://goo.gl/fbAQLP

exports[`wonder-blocks-form example 1 1`] = `
<div
  className=""
  style={
    Object {
      "alignItems": "stretch",
      "borderStyle": "solid",
      "borderWidth": 0,
      "boxSizing": "border-box",
      "display": "flex",
      "flexDirection": "row",
      "margin": 0,
      "minHeight": 0,
      "minWidth": 0,
      "padding": 0,
      "position": "relative",
      "zIndex": 0,
    }
  }
>
  <div
    className=""
    onBlur={[Function]}
    onClick={[Function]}
    onFocus={[Function]}
    onKeyDown={[Function]}
    onKeyUp={[Function]}
    onMouseDown={[Function]}
    onMouseEnter={[Function]}
    onMouseLeave={[Function]}
    onMouseUp={[Function]}
    onTouchCancel={[Function]}
    onTouchEnd={[Function]}
    onTouchStart={[Function]}
    style={
      Object {
        "alignItems": "stretch",
        "borderStyle": "solid",
        "borderWidth": 0,
        "boxSizing": "border-box",
        "display": "flex",
        "flexDirection": "column",
        "margin": 0,
        "marginRight": 16,
        "minHeight": 0,
        "minWidth": 0,
        "outline": "none",
        "padding": 0,
        "position": "relative",
        "zIndex": 0,
      }
    }
    tabIndex={0}
  >
    <input
      aria-checked={false}
      checked={false}
      className=""
      disabled={false}
      onChange={[Function]}
      style={
        Object {
          "MozAppearance": "none",
          "WebkitAppearance": "none",
          "appearance": "none",
          "backgroundColor": "#ffffff",
          "borderColor": "rgba(33,36,44,0.50)",
          "borderRadius": 3,
          "borderStyle": "solid",
          "borderWidth": 1,
          "boxSizing": "border-box",
          "cursor": "pointer",
          "height": 16,
          "margin": 0,
          "outline": "none",
          "width": 16,
        }
      }
      tabIndex={-1}
      type="checkbox"
    />
  </div>
  <div
    className=""
    onBlur={[Function]}
    onClick={[Function]}
    onFocus={[Function]}
    onKeyDown={[Function]}
    onKeyUp={[Function]}
    onMouseDown={[Function]}
    onMouseEnter={[Function]}
    onMouseLeave={[Function]}
    onMouseUp={[Function]}
    onTouchCancel={[Function]}
    onTouchEnd={[Function]}
    onTouchStart={[Function]}
    style={
      Object {
        "alignItems": "stretch",
        "borderStyle": "solid",
        "borderWidth": 0,
        "boxSizing": "border-box",
        "display": "flex",
        "flexDirection": "column",
        "margin": 0,
        "marginRight": 16,
        "minHeight": 0,
        "minWidth": 0,
        "outline": "none",
        "padding": 0,
        "position": "relative",
        "zIndex": 0,
      }
    }
    tabIndex={0}
  >
    <input
      aria-checked={true}
      checked={true}
      className=""
      disabled={false}
      onChange={[Function]}
      style={
        Object {
          "MozAppearance": "none",
          "WebkitAppearance": "none",
          "appearance": "none",
          "backgroundColor": "#1865f2",
          "borderRadius": 3,
          "borderStyle": "solid",
          "borderWidth": 0,
          "boxSizing": "border-box",
          "cursor": "pointer",
          "height": 16,
          "margin": 0,
          "outline": "none",
          "width": 16,
        }
      }
      tabIndex={-1}
      type="checkbox"
    />
    <svg
      className=""
      height={16}
      style={
        Object {
          "display": "inline-block",
          "pointerEvents": "none",
          "position": "absolute",
          "verticalAlign": "text-bottom",
        }
      }
      viewBox="0 0 16 16"
      width={16}
    >
      <path
        d="M11.263 4.324a1 1 0 1 1 1.474 1.352l-5.5 6a1 1 0 0 1-1.505-.036l-2.5-3a1 1 0 1 1 1.536-1.28L6.536 9.48l4.727-5.157z"
        fill="#ffffff"
      />
    </svg>
  </div>
  <div
    className=""
    onBlur={[Function]}
    onClick={[Function]}
    onFocus={[Function]}
    onKeyDown={[Function]}
    onKeyUp={[Function]}
    onMouseDown={[Function]}
    onMouseEnter={[Function]}
    onMouseLeave={[Function]}
    onMouseUp={[Function]}
    onTouchCancel={[Function]}
    onTouchEnd={[Function]}
    onTouchStart={[Function]}
    style={
      Object {
        "alignItems": "stretch",
        "borderStyle": "solid",
        "borderWidth": 0,
        "boxSizing": "border-box",
        "display": "flex",
        "flexDirection": "column",
        "margin": 0,
        "marginRight": 16,
        "minHeight": 0,
        "minWidth": 0,
        "outline": "none",
        "padding": 0,
        "position": "relative",
        "zIndex": 0,
      }
    }
    tabIndex={0}
  >
    <input
      aria-checked={false}
      checked={false}
      className=""
      disabled={false}
      onChange={[Function]}
      style={
        Object {
          "MozAppearance": "none",
          "WebkitAppearance": "none",
          "appearance": "none",
          "backgroundColor": "#fceeec",
          "borderColor": "#d92916",
          "borderRadius": 3,
          "borderStyle": "solid",
          "borderWidth": 1,
          "boxSizing": "border-box",
          "cursor": "pointer",
          "height": 16,
          "margin": 0,
          "outline": "none",
          "width": 16,
        }
      }
      tabIndex={-1}
      type="checkbox"
    />
  </div>
  <div
    className=""
    onBlur={[Function]}
    onClick={[Function]}
    onFocus={[Function]}
    onKeyDown={[Function]}
    onKeyUp={[Function]}
    onMouseDown={[Function]}
    onMouseEnter={[Function]}
    onMouseLeave={[Function]}
    onMouseUp={[Function]}
    onTouchCancel={[Function]}
    onTouchEnd={[Function]}
    onTouchStart={[Function]}
    style={
      Object {
        "alignItems": "stretch",
        "borderStyle": "solid",
        "borderWidth": 0,
        "boxSizing": "border-box",
        "display": "flex",
        "flexDirection": "column",
        "margin": 0,
        "marginRight": 16,
        "minHeight": 0,
        "minWidth": 0,
        "outline": "none",
        "padding": 0,
        "position": "relative",
        "zIndex": 0,
      }
    }
    tabIndex={0}
  >
    <input
      aria-checked={true}
      checked={true}
      className=""
      disabled={false}
      onChange={[Function]}
      style={
        Object {
          "MozAppearance": "none",
          "WebkitAppearance": "none",
          "appearance": "none",
          "backgroundColor": "#d92916",
          "borderRadius": 3,
          "borderStyle": "solid",
          "borderWidth": 0,
          "boxSizing": "border-box",
          "cursor": "pointer",
          "height": 16,
          "margin": 0,
          "outline": "none",
          "width": 16,
        }
      }
      tabIndex={-1}
      type="checkbox"
    />
    <svg
      className=""
      height={16}
      style={
        Object {
          "display": "inline-block",
          "pointerEvents": "none",
          "position": "absolute",
          "verticalAlign": "text-bottom",
        }
      }
      viewBox="0 0 16 16"
      width={16}
    >
      <path
        d="M11.263 4.324a1 1 0 1 1 1.474 1.352l-5.5 6a1 1 0 0 1-1.505-.036l-2.5-3a1 1 0 1 1 1.536-1.28L6.536 9.48l4.727-5.157z"
        fill="#ffffff"
      />
    </svg>
  </div>
  <div
    className=""
    onBlur={[Function]}
    onClick={[Function]}
    onFocus={[Function]}
    onKeyDown={[Function]}
    onKeyUp={[Function]}
    onMouseDown={[Function]}
    onMouseEnter={[Function]}
    onMouseLeave={[Function]}
    onMouseUp={[Function]}
    onTouchCancel={[Function]}
    onTouchEnd={[Function]}
    onTouchStart={[Function]}
    style={
      Object {
        "alignItems": "stretch",
        "borderStyle": "solid",
        "borderWidth": 0,
        "boxSizing": "border-box",
        "display": "flex",
        "flexDirection": "column",
        "margin": 0,
        "marginRight": 16,
        "minHeight": 0,
        "minWidth": 0,
        "outline": "none",
        "padding": 0,
        "position": "relative",
        "zIndex": 0,
      }
    }
    tabIndex={-1}
  >
    <input
      aria-checked={false}
      checked={false}
      className=""
      disabled={true}
      onChange={[Function]}
      style={
        Object {
          "MozAppearance": "none",
          "WebkitAppearance": "none",
          "appearance": "none",
          "backgroundColor": "#f7f8fa",
          "borderColor": "rgba(33,36,44,0.16)",
          "borderRadius": 3,
          "borderStyle": "solid",
          "borderWidth": 1,
          "boxSizing": "border-box",
          "cursor": "auto",
          "height": 16,
          "margin": 0,
          "outline": "none",
          "width": 16,
        }
      }
      tabIndex={-1}
      type="checkbox"
    />
  </div>
  <div
    className=""
    onBlur={[Function]}
    onClick={[Function]}
    onFocus={[Function]}
    onKeyDown={[Function]}
    onKeyUp={[Function]}
    onMouseDown={[Function]}
    onMouseEnter={[Function]}
    onMouseLeave={[Function]}
    onMouseUp={[Function]}
    onTouchCancel={[Function]}
    onTouchEnd={[Function]}
    onTouchStart={[Function]}
    style={
      Object {
        "alignItems": "stretch",
        "borderStyle": "solid",
        "borderWidth": 0,
        "boxSizing": "border-box",
        "display": "flex",
        "flexDirection": "column",
        "margin": 0,
        "marginRight": 16,
        "minHeight": 0,
        "minWidth": 0,
        "outline": "none",
        "padding": 0,
        "position": "relative",
        "zIndex": 0,
      }
    }
    tabIndex={-1}
  >
    <input
      aria-checked={true}
      checked={true}
      className=""
      disabled={true}
      onChange={[Function]}
      style={
        Object {
          "MozAppearance": "none",
          "WebkitAppearance": "none",
          "appearance": "none",
          "backgroundColor": "#f7f8fa",
          "borderColor": "rgba(33,36,44,0.16)",
          "borderRadius": 3,
          "borderStyle": "solid",
          "borderWidth": 1,
          "boxSizing": "border-box",
          "cursor": "auto",
          "height": 16,
          "margin": 0,
          "outline": "none",
          "width": 16,
        }
      }
      tabIndex={-1}
      type="checkbox"
    />
    <svg
      className=""
      height={16}
      style={
        Object {
          "display": "inline-block",
          "pointerEvents": "none",
          "position": "absolute",
          "verticalAlign": "text-bottom",
        }
      }
      viewBox="0 0 16 16"
      width={16}
    >
      <path
        d="M11.263 4.324a1 1 0 1 1 1.474 1.352l-5.5 6a1 1 0 0 1-1.505-.036l-2.5-3a1 1 0 1 1 1.536-1.28L6.536 9.48l4.727-5.157z"
        fill="rgba(33,36,44,0.32)"
      />
    </svg>
  </div>
</div>
`;
