// Jest Snapshot v1, https://goo.gl/fbAQLP

exports[`UniqueIDFactory #constructor special characters in scope, throws 1`] = `"Invalid factory name: invalid$%^&*("`;

exports[`UniqueIDFactory #constructor whitespace in scope, throws 1`] = `"Invalid factory name: not valid scope"`;

exports[`UniqueIDFactory #constructor whitespace only scope, throws 1`] = `"Invalid factory name:      "`;

exports[`UniqueIDFactory #id should throw on invalid key 1`] = `"Invalid identifier key: IN*89098 08a7 jhufs"`;
