// Jest Snapshot v1, https://goo.gl/fbAQLP

exports[`UniqueIDFactory #constructor whitespace in scope, throws 1`] = `"Invalid factory scope: not valid scope"`;

exports[`UniqueIDFactory #constructor whitespace only scope, throws 1`] = `"Invalid factory scope:      "`;

exports[`UniqueIDFactory #get should throw on invalid key 1`] = `"Invalid identifier key: IN*89098 08a7 jhufs"`;
