// Jest Snapshot v1, https://goo.gl/fbAQLP

exports[`DropdownCoreVirtualized should render a virtualized list 1`] = `
<div
  onScroll={[Function]}
  style={
    Object {
      "WebkitOverflowScrolling": "touch",
      "direction": "ltr",
      "height": 360,
      "overflow": "auto",
      "position": "relative",
      "width": 288,
      "willChange": "transform",
    }
  }
>
  <div
    style={
      Object {
        "height": 4890,
        "pointerEvents": undefined,
        "width": "100%",
      }
    }
  >
    <div
      aria-selected="false"
      className=""
      onBlur={[Function]}
      onClick={[Function]}
      onDragStart={[Function]}
      onFocus={[Function]}
      onKeyDown={[Function]}
      onKeyUp={[Function]}
      onMouseDown={[Function]}
      onMouseEnter={[Function]}
      onMouseLeave={[Function]}
      onMouseUp={[Function]}
      onTouchCancel={[Function]}
      onTouchEnd={[Function]}
      onTouchStart={[Function]}
      role="option"
      style={
        Object {
          "alignItems": "center",
          "backgroundColor": "#ffffff",
          "border": 0,
          "borderStyle": "solid",
          "borderWidth": 0,
          "boxSizing": "border-box",
          "color": "#21242c",
          "cursor": "default",
          "display": "flex",
          "flexDirection": "row",
          "height": 40,
          "left": 0,
          "margin": 0,
          "minHeight": 40,
          "minWidth": 0,
          "outline": 0,
          "padding": 0,
          "paddingLeft": 8,
          "paddingRight": 16,
          "position": "absolute",
          "top": 0,
          "whiteSpace": "nowrap",
          "width": "100%",
          "zIndex": 0,
        }
      }
      tabIndex={0}
    >
      <div
        className=""
        style={
          Object {
            "alignItems": "stretch",
            "backgroundColor": "#ffffff",
            "borderColor": "rgba(33,36,44,0.50)",
            "borderRadius": 3,
            "borderStyle": "solid",
            "borderWidth": 1,
            "boxSizing": "border-box",
            "display": "flex",
            "flexDirection": "column",
            "margin": 0,
            "minHeight": 16,
            "minWidth": 16,
            "padding": 0,
            "position": "relative",
            "zIndex": 0,
          }
        }
      />
      <span
        className=""
        style={
          Object {
            "MozOsxFontSmoothing": "grayscale",
            "WebkitFontSmoothing": "antialiased",
            "display": "block",
            "fontFamily": "Lato, \\"Noto Sans\\", sans-serif",
            "fontSize": 16,
            "fontWeight": 700,
            "lineHeight": "20px",
            "marginLeft": 8,
            "userSelect": "none",
            "whiteSpace": "nowrap",
          }
        }
      >
        School 1 in Wizarding World
      </span>
    </div>
    <div
      aria-selected="false"
      className=""
      onBlur={[Function]}
      onClick={[Function]}
      onDragStart={[Function]}
      onFocus={[Function]}
      onKeyDown={[Function]}
      onKeyUp={[Function]}
      onMouseDown={[Function]}
      onMouseEnter={[Function]}
      onMouseLeave={[Function]}
      onMouseUp={[Function]}
      onTouchCancel={[Function]}
      onTouchEnd={[Function]}
      onTouchStart={[Function]}
      role="option"
      style={
        Object {
          "alignItems": "center",
          "backgroundColor": "#ffffff",
          "border": 0,
          "borderStyle": "solid",
          "borderWidth": 0,
          "boxSizing": "border-box",
          "color": "#21242c",
          "cursor": "default",
          "display": "flex",
          "flexDirection": "row",
          "height": 40,
          "left": 0,
          "margin": 0,
          "minHeight": 40,
          "minWidth": 0,
          "outline": 0,
          "padding": 0,
          "paddingLeft": 8,
          "paddingRight": 16,
          "position": "absolute",
          "top": 40,
          "whiteSpace": "nowrap",
          "width": "100%",
          "zIndex": 0,
        }
      }
      tabIndex={0}
    >
      <div
        className=""
        style={
          Object {
            "alignItems": "stretch",
            "backgroundColor": "#ffffff",
            "borderColor": "rgba(33,36,44,0.50)",
            "borderRadius": 3,
            "borderStyle": "solid",
            "borderWidth": 1,
            "boxSizing": "border-box",
            "display": "flex",
            "flexDirection": "column",
            "margin": 0,
            "minHeight": 16,
            "minWidth": 16,
            "padding": 0,
            "position": "relative",
            "zIndex": 0,
          }
        }
      />
      <span
        className=""
        style={
          Object {
            "MozOsxFontSmoothing": "grayscale",
            "WebkitFontSmoothing": "antialiased",
            "display": "block",
            "fontFamily": "Lato, \\"Noto Sans\\", sans-serif",
            "fontSize": 16,
            "fontWeight": 700,
            "lineHeight": "20px",
            "marginLeft": 8,
            "userSelect": "none",
            "whiteSpace": "nowrap",
          }
        }
      >
        School 2 in Wizarding World
      </span>
    </div>
    <div
      aria-selected="false"
      className=""
      onBlur={[Function]}
      onClick={[Function]}
      onDragStart={[Function]}
      onFocus={[Function]}
      onKeyDown={[Function]}
      onKeyUp={[Function]}
      onMouseDown={[Function]}
      onMouseEnter={[Function]}
      onMouseLeave={[Function]}
      onMouseUp={[Function]}
      onTouchCancel={[Function]}
      onTouchEnd={[Function]}
      onTouchStart={[Function]}
      role="option"
      style={
        Object {
          "alignItems": "center",
          "backgroundColor": "#ffffff",
          "border": 0,
          "borderStyle": "solid",
          "borderWidth": 0,
          "boxSizing": "border-box",
          "color": "#21242c",
          "cursor": "default",
          "display": "flex",
          "flexDirection": "row",
          "height": 40,
          "left": 0,
          "margin": 0,
          "minHeight": 40,
          "minWidth": 0,
          "outline": 0,
          "padding": 0,
          "paddingLeft": 8,
          "paddingRight": 16,
          "position": "absolute",
          "top": 80,
          "whiteSpace": "nowrap",
          "width": "100%",
          "zIndex": 0,
        }
      }
      tabIndex={0}
    >
      <div
        className=""
        style={
          Object {
            "alignItems": "stretch",
            "backgroundColor": "#ffffff",
            "borderColor": "rgba(33,36,44,0.50)",
            "borderRadius": 3,
            "borderStyle": "solid",
            "borderWidth": 1,
            "boxSizing": "border-box",
            "display": "flex",
            "flexDirection": "column",
            "margin": 0,
            "minHeight": 16,
            "minWidth": 16,
            "padding": 0,
            "position": "relative",
            "zIndex": 0,
          }
        }
      />
      <span
        className=""
        style={
          Object {
            "MozOsxFontSmoothing": "grayscale",
            "WebkitFontSmoothing": "antialiased",
            "display": "block",
            "fontFamily": "Lato, \\"Noto Sans\\", sans-serif",
            "fontSize": 16,
            "fontWeight": 700,
            "lineHeight": "20px",
            "marginLeft": 8,
            "userSelect": "none",
            "whiteSpace": "nowrap",
          }
        }
      >
        School 3 in Wizarding World
      </span>
    </div>
    <div
      aria-selected="false"
      className=""
      onBlur={[Function]}
      onClick={[Function]}
      onDragStart={[Function]}
      onFocus={[Function]}
      onKeyDown={[Function]}
      onKeyUp={[Function]}
      onMouseDown={[Function]}
      onMouseEnter={[Function]}
      onMouseLeave={[Function]}
      onMouseUp={[Function]}
      onTouchCancel={[Function]}
      onTouchEnd={[Function]}
      onTouchStart={[Function]}
      role="option"
      style={
        Object {
          "alignItems": "center",
          "backgroundColor": "#ffffff",
          "border": 0,
          "borderStyle": "solid",
          "borderWidth": 0,
          "boxSizing": "border-box",
          "color": "#21242c",
          "cursor": "default",
          "display": "flex",
          "flexDirection": "row",
          "height": 40,
          "left": 0,
          "margin": 0,
          "minHeight": 40,
          "minWidth": 0,
          "outline": 0,
          "padding": 0,
          "paddingLeft": 8,
          "paddingRight": 16,
          "position": "absolute",
          "top": 120,
          "whiteSpace": "nowrap",
          "width": "100%",
          "zIndex": 0,
        }
      }
      tabIndex={0}
    >
      <div
        className=""
        style={
          Object {
            "alignItems": "stretch",
            "backgroundColor": "#ffffff",
            "borderColor": "rgba(33,36,44,0.50)",
            "borderRadius": 3,
            "borderStyle": "solid",
            "borderWidth": 1,
            "boxSizing": "border-box",
            "display": "flex",
            "flexDirection": "column",
            "margin": 0,
            "minHeight": 16,
            "minWidth": 16,
            "padding": 0,
            "position": "relative",
            "zIndex": 0,
          }
        }
      />
      <span
        className=""
        style={
          Object {
            "MozOsxFontSmoothing": "grayscale",
            "WebkitFontSmoothing": "antialiased",
            "display": "block",
            "fontFamily": "Lato, \\"Noto Sans\\", sans-serif",
            "fontSize": 16,
            "fontWeight": 700,
            "lineHeight": "20px",
            "marginLeft": 8,
            "userSelect": "none",
            "whiteSpace": "nowrap",
          }
        }
      >
        School 4 in Wizarding World
      </span>
    </div>
    <div
      aria-selected="false"
      className=""
      onBlur={[Function]}
      onClick={[Function]}
      onDragStart={[Function]}
      onFocus={[Function]}
      onKeyDown={[Function]}
      onKeyUp={[Function]}
      onMouseDown={[Function]}
      onMouseEnter={[Function]}
      onMouseLeave={[Function]}
      onMouseUp={[Function]}
      onTouchCancel={[Function]}
      onTouchEnd={[Function]}
      onTouchStart={[Function]}
      role="option"
      style={
        Object {
          "alignItems": "center",
          "backgroundColor": "#ffffff",
          "border": 0,
          "borderStyle": "solid",
          "borderWidth": 0,
          "boxSizing": "border-box",
          "color": "#21242c",
          "cursor": "default",
          "display": "flex",
          "flexDirection": "row",
          "height": 40,
          "left": 0,
          "margin": 0,
          "minHeight": 40,
          "minWidth": 0,
          "outline": 0,
          "padding": 0,
          "paddingLeft": 8,
          "paddingRight": 16,
          "position": "absolute",
          "top": 160,
          "whiteSpace": "nowrap",
          "width": "100%",
          "zIndex": 0,
        }
      }
      tabIndex={0}
    >
      <div
        className=""
        style={
          Object {
            "alignItems": "stretch",
            "backgroundColor": "#ffffff",
            "borderColor": "rgba(33,36,44,0.50)",
            "borderRadius": 3,
            "borderStyle": "solid",
            "borderWidth": 1,
            "boxSizing": "border-box",
            "display": "flex",
            "flexDirection": "column",
            "margin": 0,
            "minHeight": 16,
            "minWidth": 16,
            "padding": 0,
            "position": "relative",
            "zIndex": 0,
          }
        }
      />
      <span
        className=""
        style={
          Object {
            "MozOsxFontSmoothing": "grayscale",
            "WebkitFontSmoothing": "antialiased",
            "display": "block",
            "fontFamily": "Lato, \\"Noto Sans\\", sans-serif",
            "fontSize": 16,
            "fontWeight": 700,
            "lineHeight": "20px",
            "marginLeft": 8,
            "userSelect": "none",
            "whiteSpace": "nowrap",
          }
        }
      >
        School 5 in Wizarding World
      </span>
    </div>
    <div
      aria-selected="false"
      className=""
      onBlur={[Function]}
      onClick={[Function]}
      onDragStart={[Function]}
      onFocus={[Function]}
      onKeyDown={[Function]}
      onKeyUp={[Function]}
      onMouseDown={[Function]}
      onMouseEnter={[Function]}
      onMouseLeave={[Function]}
      onMouseUp={[Function]}
      onTouchCancel={[Function]}
      onTouchEnd={[Function]}
      onTouchStart={[Function]}
      role="option"
      style={
        Object {
          "alignItems": "center",
          "backgroundColor": "#ffffff",
          "border": 0,
          "borderStyle": "solid",
          "borderWidth": 0,
          "boxSizing": "border-box",
          "color": "#21242c",
          "cursor": "default",
          "display": "flex",
          "flexDirection": "row",
          "height": 40,
          "left": 0,
          "margin": 0,
          "minHeight": 40,
          "minWidth": 0,
          "outline": 0,
          "padding": 0,
          "paddingLeft": 8,
          "paddingRight": 16,
          "position": "absolute",
          "top": 200,
          "whiteSpace": "nowrap",
          "width": "100%",
          "zIndex": 0,
        }
      }
      tabIndex={0}
    >
      <div
        className=""
        style={
          Object {
            "alignItems": "stretch",
            "backgroundColor": "#ffffff",
            "borderColor": "rgba(33,36,44,0.50)",
            "borderRadius": 3,
            "borderStyle": "solid",
            "borderWidth": 1,
            "boxSizing": "border-box",
            "display": "flex",
            "flexDirection": "column",
            "margin": 0,
            "minHeight": 16,
            "minWidth": 16,
            "padding": 0,
            "position": "relative",
            "zIndex": 0,
          }
        }
      />
      <span
        className=""
        style={
          Object {
            "MozOsxFontSmoothing": "grayscale",
            "WebkitFontSmoothing": "antialiased",
            "display": "block",
            "fontFamily": "Lato, \\"Noto Sans\\", sans-serif",
            "fontSize": 16,
            "fontWeight": 700,
            "lineHeight": "20px",
            "marginLeft": 8,
            "userSelect": "none",
            "whiteSpace": "nowrap",
          }
        }
      >
        School 6 in Wizarding World
      </span>
    </div>
    <div
      aria-selected="false"
      className=""
      onBlur={[Function]}
      onClick={[Function]}
      onDragStart={[Function]}
      onFocus={[Function]}
      onKeyDown={[Function]}
      onKeyUp={[Function]}
      onMouseDown={[Function]}
      onMouseEnter={[Function]}
      onMouseLeave={[Function]}
      onMouseUp={[Function]}
      onTouchCancel={[Function]}
      onTouchEnd={[Function]}
      onTouchStart={[Function]}
      role="option"
      style={
        Object {
          "alignItems": "center",
          "backgroundColor": "#ffffff",
          "border": 0,
          "borderStyle": "solid",
          "borderWidth": 0,
          "boxSizing": "border-box",
          "color": "#21242c",
          "cursor": "default",
          "display": "flex",
          "flexDirection": "row",
          "height": 40,
          "left": 0,
          "margin": 0,
          "minHeight": 40,
          "minWidth": 0,
          "outline": 0,
          "padding": 0,
          "paddingLeft": 8,
          "paddingRight": 16,
          "position": "absolute",
          "top": 240,
          "whiteSpace": "nowrap",
          "width": "100%",
          "zIndex": 0,
        }
      }
      tabIndex={0}
    >
      <div
        className=""
        style={
          Object {
            "alignItems": "stretch",
            "backgroundColor": "#ffffff",
            "borderColor": "rgba(33,36,44,0.50)",
            "borderRadius": 3,
            "borderStyle": "solid",
            "borderWidth": 1,
            "boxSizing": "border-box",
            "display": "flex",
            "flexDirection": "column",
            "margin": 0,
            "minHeight": 16,
            "minWidth": 16,
            "padding": 0,
            "position": "relative",
            "zIndex": 0,
          }
        }
      />
      <span
        className=""
        style={
          Object {
            "MozOsxFontSmoothing": "grayscale",
            "WebkitFontSmoothing": "antialiased",
            "display": "block",
            "fontFamily": "Lato, \\"Noto Sans\\", sans-serif",
            "fontSize": 16,
            "fontWeight": 700,
            "lineHeight": "20px",
            "marginLeft": 8,
            "userSelect": "none",
            "whiteSpace": "nowrap",
          }
        }
      >
        School 7 in Wizarding World
      </span>
    </div>
    <div
      aria-selected="false"
      className=""
      onBlur={[Function]}
      onClick={[Function]}
      onDragStart={[Function]}
      onFocus={[Function]}
      onKeyDown={[Function]}
      onKeyUp={[Function]}
      onMouseDown={[Function]}
      onMouseEnter={[Function]}
      onMouseLeave={[Function]}
      onMouseUp={[Function]}
      onTouchCancel={[Function]}
      onTouchEnd={[Function]}
      onTouchStart={[Function]}
      role="option"
      style={
        Object {
          "alignItems": "center",
          "backgroundColor": "#ffffff",
          "border": 0,
          "borderStyle": "solid",
          "borderWidth": 0,
          "boxSizing": "border-box",
          "color": "#21242c",
          "cursor": "default",
          "display": "flex",
          "flexDirection": "row",
          "height": 40,
          "left": 0,
          "margin": 0,
          "minHeight": 40,
          "minWidth": 0,
          "outline": 0,
          "padding": 0,
          "paddingLeft": 8,
          "paddingRight": 16,
          "position": "absolute",
          "top": 280,
          "whiteSpace": "nowrap",
          "width": "100%",
          "zIndex": 0,
        }
      }
      tabIndex={0}
    >
      <div
        className=""
        style={
          Object {
            "alignItems": "stretch",
            "backgroundColor": "#ffffff",
            "borderColor": "rgba(33,36,44,0.50)",
            "borderRadius": 3,
            "borderStyle": "solid",
            "borderWidth": 1,
            "boxSizing": "border-box",
            "display": "flex",
            "flexDirection": "column",
            "margin": 0,
            "minHeight": 16,
            "minWidth": 16,
            "padding": 0,
            "position": "relative",
            "zIndex": 0,
          }
        }
      />
      <span
        className=""
        style={
          Object {
            "MozOsxFontSmoothing": "grayscale",
            "WebkitFontSmoothing": "antialiased",
            "display": "block",
            "fontFamily": "Lato, \\"Noto Sans\\", sans-serif",
            "fontSize": 16,
            "fontWeight": 700,
            "lineHeight": "20px",
            "marginLeft": 8,
            "userSelect": "none",
            "whiteSpace": "nowrap",
          }
        }
      >
        School 8 in Wizarding World
      </span>
    </div>
    <div
      aria-selected="false"
      className=""
      onBlur={[Function]}
      onClick={[Function]}
      onDragStart={[Function]}
      onFocus={[Function]}
      onKeyDown={[Function]}
      onKeyUp={[Function]}
      onMouseDown={[Function]}
      onMouseEnter={[Function]}
      onMouseLeave={[Function]}
      onMouseUp={[Function]}
      onTouchCancel={[Function]}
      onTouchEnd={[Function]}
      onTouchStart={[Function]}
      role="option"
      style={
        Object {
          "alignItems": "center",
          "backgroundColor": "#ffffff",
          "border": 0,
          "borderStyle": "solid",
          "borderWidth": 0,
          "boxSizing": "border-box",
          "color": "#21242c",
          "cursor": "default",
          "display": "flex",
          "flexDirection": "row",
          "height": 40,
          "left": 0,
          "margin": 0,
          "minHeight": 40,
          "minWidth": 0,
          "outline": 0,
          "padding": 0,
          "paddingLeft": 8,
          "paddingRight": 16,
          "position": "absolute",
          "top": 320,
          "whiteSpace": "nowrap",
          "width": "100%",
          "zIndex": 0,
        }
      }
      tabIndex={0}
    >
      <div
        className=""
        style={
          Object {
            "alignItems": "stretch",
            "backgroundColor": "#ffffff",
            "borderColor": "rgba(33,36,44,0.50)",
            "borderRadius": 3,
            "borderStyle": "solid",
            "borderWidth": 1,
            "boxSizing": "border-box",
            "display": "flex",
            "flexDirection": "column",
            "margin": 0,
            "minHeight": 16,
            "minWidth": 16,
            "padding": 0,
            "position": "relative",
            "zIndex": 0,
          }
        }
      />
      <span
        className=""
        style={
          Object {
            "MozOsxFontSmoothing": "grayscale",
            "WebkitFontSmoothing": "antialiased",
            "display": "block",
            "fontFamily": "Lato, \\"Noto Sans\\", sans-serif",
            "fontSize": 16,
            "fontWeight": 700,
            "lineHeight": "20px",
            "marginLeft": 8,
            "userSelect": "none",
            "whiteSpace": "nowrap",
          }
        }
      >
        School 9 in Wizarding World
      </span>
    </div>
    <div
      aria-selected="false"
      className=""
      onBlur={[Function]}
      onClick={[Function]}
      onDragStart={[Function]}
      onFocus={[Function]}
      onKeyDown={[Function]}
      onKeyUp={[Function]}
      onMouseDown={[Function]}
      onMouseEnter={[Function]}
      onMouseLeave={[Function]}
      onMouseUp={[Function]}
      onTouchCancel={[Function]}
      onTouchEnd={[Function]}
      onTouchStart={[Function]}
      role="option"
      style={
        Object {
          "alignItems": "center",
          "backgroundColor": "#ffffff",
          "border": 0,
          "borderStyle": "solid",
          "borderWidth": 0,
          "boxSizing": "border-box",
          "color": "#21242c",
          "cursor": "default",
          "display": "flex",
          "flexDirection": "row",
          "height": 40,
          "left": 0,
          "margin": 0,
          "minHeight": 40,
          "minWidth": 0,
          "outline": 0,
          "padding": 0,
          "paddingLeft": 8,
          "paddingRight": 16,
          "position": "absolute",
          "top": 360,
          "whiteSpace": "nowrap",
          "width": "100%",
          "zIndex": 0,
        }
      }
      tabIndex={0}
    >
      <div
        className=""
        style={
          Object {
            "alignItems": "stretch",
            "backgroundColor": "#ffffff",
            "borderColor": "rgba(33,36,44,0.50)",
            "borderRadius": 3,
            "borderStyle": "solid",
            "borderWidth": 1,
            "boxSizing": "border-box",
            "display": "flex",
            "flexDirection": "column",
            "margin": 0,
            "minHeight": 16,
            "minWidth": 16,
            "padding": 0,
            "position": "relative",
            "zIndex": 0,
          }
        }
      />
      <span
        className=""
        style={
          Object {
            "MozOsxFontSmoothing": "grayscale",
            "WebkitFontSmoothing": "antialiased",
            "display": "block",
            "fontFamily": "Lato, \\"Noto Sans\\", sans-serif",
            "fontSize": 16,
            "fontWeight": 700,
            "lineHeight": "20px",
            "marginLeft": 8,
            "userSelect": "none",
            "whiteSpace": "nowrap",
          }
        }
      >
        School 10 in Wizarding World
      </span>
    </div>
    <div
      aria-selected="false"
      className=""
      onBlur={[Function]}
      onClick={[Function]}
      onDragStart={[Function]}
      onFocus={[Function]}
      onKeyDown={[Function]}
      onKeyUp={[Function]}
      onMouseDown={[Function]}
      onMouseEnter={[Function]}
      onMouseLeave={[Function]}
      onMouseUp={[Function]}
      onTouchCancel={[Function]}
      onTouchEnd={[Function]}
      onTouchStart={[Function]}
      role="option"
      style={
        Object {
          "alignItems": "center",
          "backgroundColor": "#ffffff",
          "border": 0,
          "borderStyle": "solid",
          "borderWidth": 0,
          "boxSizing": "border-box",
          "color": "#21242c",
          "cursor": "default",
          "display": "flex",
          "flexDirection": "row",
          "height": 40,
          "left": 0,
          "margin": 0,
          "minHeight": 40,
          "minWidth": 0,
          "outline": 0,
          "padding": 0,
          "paddingLeft": 8,
          "paddingRight": 16,
          "position": "absolute",
          "top": 400,
          "whiteSpace": "nowrap",
          "width": "100%",
          "zIndex": 0,
        }
      }
      tabIndex={0}
    >
      <div
        className=""
        style={
          Object {
            "alignItems": "stretch",
            "backgroundColor": "#ffffff",
            "borderColor": "rgba(33,36,44,0.50)",
            "borderRadius": 3,
            "borderStyle": "solid",
            "borderWidth": 1,
            "boxSizing": "border-box",
            "display": "flex",
            "flexDirection": "column",
            "margin": 0,
            "minHeight": 16,
            "minWidth": 16,
            "padding": 0,
            "position": "relative",
            "zIndex": 0,
          }
        }
      />
      <span
        className=""
        style={
          Object {
            "MozOsxFontSmoothing": "grayscale",
            "WebkitFontSmoothing": "antialiased",
            "display": "block",
            "fontFamily": "Lato, \\"Noto Sans\\", sans-serif",
            "fontSize": 16,
            "fontWeight": 700,
            "lineHeight": "20px",
            "marginLeft": 8,
            "userSelect": "none",
            "whiteSpace": "nowrap",
          }
        }
      >
        School 11 in Wizarding World
      </span>
    </div>
  </div>
</div>
`;
