// Jest Snapshot v1, https://goo.gl/fbAQLP

exports[`Link <Link tabIndex={-1}> 1`] = `
<a
  className=""
  href="#"
  onBlur={[Function]}
  onClick={[Function]}
  onDragStart={[Function]}
  onFocus={[Function]}
  onKeyDown={[Function]}
  onKeyUp={[Function]}
  onMouseDown={[Function]}
  onMouseEnter={[Function]}
  onMouseLeave={[Function]}
  onMouseUp={[Function]}
  onTouchCancel={[Function]}
  onTouchEnd={[Function]}
  onTouchStart={[Function]}
  style={
    {
      "color": "#1865f2",
      "cursor": "pointer",
      "outline": "none",
      "textDecoration": "none",
    }
  }
  tabIndex={-1}
>
  Click me
</a>
`;

exports[`Link <Link tabIndex={0}> 1`] = `
<a
  className=""
  href="#"
  onBlur={[Function]}
  onClick={[Function]}
  onDragStart={[Function]}
  onFocus={[Function]}
  onKeyDown={[Function]}
  onKeyUp={[Function]}
  onMouseDown={[Function]}
  onMouseEnter={[Function]}
  onMouseLeave={[Function]}
  onMouseUp={[Function]}
  onTouchCancel={[Function]}
  onTouchEnd={[Function]}
  onTouchStart={[Function]}
  style={
    {
      "color": "#1865f2",
      "cursor": "pointer",
      "outline": "none",
      "textDecoration": "none",
    }
  }
  tabIndex={0}
>
  Click me
</a>
`;

exports[`Link <Link tabIndex={1}> 1`] = `
<a
  className=""
  href="#"
  onBlur={[Function]}
  onClick={[Function]}
  onDragStart={[Function]}
  onFocus={[Function]}
  onKeyDown={[Function]}
  onKeyUp={[Function]}
  onMouseDown={[Function]}
  onMouseEnter={[Function]}
  onMouseLeave={[Function]}
  onMouseUp={[Function]}
  onTouchCancel={[Function]}
  onTouchEnd={[Function]}
  onTouchStart={[Function]}
  style={
    {
      "color": "#1865f2",
      "cursor": "pointer",
      "outline": "none",
      "textDecoration": "none",
    }
  }
  tabIndex={1}
>
  Click me
</a>
`;

exports[`LinkCore kind:primary href:# light:false visitable:false focused 1`] = `
<a
  className=""
  href="#"
  onBlur={[Function]}
  onClick={[Function]}
  onDragStart={[Function]}
  onFocus={[Function]}
  onKeyDown={[Function]}
  onKeyUp={[Function]}
  onMouseDown={[Function]}
  onMouseEnter={[Function]}
  onMouseLeave={[Function]}
  onMouseUp={[Function]}
  onTouchCancel={[Function]}
  onTouchEnd={[Function]}
  onTouchStart={[Function]}
  style={
    {
      "color": "#1865f2",
      "cursor": "pointer",
      "outline": "none",
      "textDecoration": "underline currentcolor solid",
    }
  }
  tabIndex={0}
>
  Click me
</a>
`;

exports[`LinkCore kind:primary href:# light:false visitable:false hovered 1`] = `
<a
  className=""
  href="#"
  onBlur={[Function]}
  onClick={[Function]}
  onDragStart={[Function]}
  onFocus={[Function]}
  onKeyDown={[Function]}
  onKeyUp={[Function]}
  onMouseDown={[Function]}
  onMouseEnter={[Function]}
  onMouseLeave={[Function]}
  onMouseUp={[Function]}
  onTouchCancel={[Function]}
  onTouchEnd={[Function]}
  onTouchStart={[Function]}
  style={
    {
      "color": "#1865f2",
      "cursor": "pointer",
      "outline": "none",
      "textDecoration": "underline currentcolor solid",
    }
  }
  tabIndex={0}
>
  Click me
</a>
`;

exports[`LinkCore kind:primary href:# light:false visitable:false pressed 1`] = `
<a
  className=""
  href="#"
  onBlur={[Function]}
  onClick={[Function]}
  onDragStart={[Function]}
  onFocus={[Function]}
  onKeyDown={[Function]}
  onKeyUp={[Function]}
  onMouseDown={[Function]}
  onMouseEnter={[Function]}
  onMouseLeave={[Function]}
  onMouseUp={[Function]}
  onTouchCancel={[Function]}
  onTouchEnd={[Function]}
  onTouchStart={[Function]}
  style={
    {
      "color": "#1b50b3",
      "cursor": "pointer",
      "outline": "none",
      "textDecoration": "underline currentcolor solid",
    }
  }
  tabIndex={0}
>
  Click me
</a>
`;

exports[`LinkCore kind:primary href:# light:false visitable:true focused 1`] = `
<a
  className=""
  href="#"
  onBlur={[Function]}
  onClick={[Function]}
  onDragStart={[Function]}
  onFocus={[Function]}
  onKeyDown={[Function]}
  onKeyUp={[Function]}
  onMouseDown={[Function]}
  onMouseEnter={[Function]}
  onMouseLeave={[Function]}
  onMouseUp={[Function]}
  onTouchCancel={[Function]}
  onTouchEnd={[Function]}
  onTouchStart={[Function]}
  style={
    {
      ":visited": {
        "color": "#8755ee",
      },
      "color": "#1865f2",
      "cursor": "pointer",
      "outline": "none",
      "textDecoration": "underline currentcolor solid",
    }
  }
  tabIndex={0}
>
  Click me
</a>
`;

exports[`LinkCore kind:primary href:# light:false visitable:true hovered 1`] = `
<a
  className=""
  href="#"
  onBlur={[Function]}
  onClick={[Function]}
  onDragStart={[Function]}
  onFocus={[Function]}
  onKeyDown={[Function]}
  onKeyUp={[Function]}
  onMouseDown={[Function]}
  onMouseEnter={[Function]}
  onMouseLeave={[Function]}
  onMouseUp={[Function]}
  onTouchCancel={[Function]}
  onTouchEnd={[Function]}
  onTouchStart={[Function]}
  style={
    {
      ":visited": {
        "color": "#8755ee",
      },
      "color": "#1865f2",
      "cursor": "pointer",
      "outline": "none",
      "textDecoration": "underline currentcolor solid",
    }
  }
  tabIndex={0}
>
  Click me
</a>
`;

exports[`LinkCore kind:primary href:# light:false visitable:true pressed 1`] = `
<a
  className=""
  href="#"
  onBlur={[Function]}
  onClick={[Function]}
  onDragStart={[Function]}
  onFocus={[Function]}
  onKeyDown={[Function]}
  onKeyUp={[Function]}
  onMouseDown={[Function]}
  onMouseEnter={[Function]}
  onMouseLeave={[Function]}
  onMouseUp={[Function]}
  onTouchCancel={[Function]}
  onTouchEnd={[Function]}
  onTouchStart={[Function]}
  style={
    {
      ":visited": {
        "color": "#6645b0",
      },
      "color": "#1b50b3",
      "cursor": "pointer",
      "outline": "none",
      "textDecoration": "underline currentcolor solid",
    }
  }
  tabIndex={0}
>
  Click me
</a>
`;

exports[`LinkCore kind:primary href:# light:true visitable:false focused 1`] = `
<a
  className=""
  href="#"
  onBlur={[Function]}
  onClick={[Function]}
  onDragStart={[Function]}
  onFocus={[Function]}
  onKeyDown={[Function]}
  onKeyUp={[Function]}
  onMouseDown={[Function]}
  onMouseEnter={[Function]}
  onMouseLeave={[Function]}
  onMouseUp={[Function]}
  onTouchCancel={[Function]}
  onTouchEnd={[Function]}
  onTouchStart={[Function]}
  style={
    {
      "color": "#ffffff",
      "cursor": "pointer",
      "outline": "none",
      "textDecoration": "underline currentcolor solid",
    }
  }
  tabIndex={0}
>
  Click me
</a>
`;

exports[`LinkCore kind:primary href:# light:true visitable:false hovered 1`] = `
<a
  className=""
  href="#"
  onBlur={[Function]}
  onClick={[Function]}
  onDragStart={[Function]}
  onFocus={[Function]}
  onKeyDown={[Function]}
  onKeyUp={[Function]}
  onMouseDown={[Function]}
  onMouseEnter={[Function]}
  onMouseLeave={[Function]}
  onMouseUp={[Function]}
  onTouchCancel={[Function]}
  onTouchEnd={[Function]}
  onTouchStart={[Function]}
  style={
    {
      "color": "#ffffff",
      "cursor": "pointer",
      "outline": "none",
      "textDecoration": "underline currentcolor solid",
    }
  }
  tabIndex={0}
>
  Click me
</a>
`;

exports[`LinkCore kind:primary href:# light:true visitable:false pressed 1`] = `
<a
  className=""
  href="#"
  onBlur={[Function]}
  onClick={[Function]}
  onDragStart={[Function]}
  onFocus={[Function]}
  onKeyDown={[Function]}
  onKeyUp={[Function]}
  onMouseDown={[Function]}
  onMouseEnter={[Function]}
  onMouseLeave={[Function]}
  onMouseUp={[Function]}
  onTouchCancel={[Function]}
  onTouchEnd={[Function]}
  onTouchStart={[Function]}
  style={
    {
      "color": "#b5cefb",
      "cursor": "pointer",
      "outline": "none",
      "textDecoration": "underline currentcolor solid",
    }
  }
  tabIndex={0}
>
  Click me
</a>
`;

exports[`LinkCore kind:primary href:#non-existent-link light:false visitable:false focused 1`] = `
<a
  className=""
  href="#"
  onBlur={[Function]}
  onClick={[Function]}
  onDragStart={[Function]}
  onFocus={[Function]}
  onKeyDown={[Function]}
  onKeyUp={[Function]}
  onMouseDown={[Function]}
  onMouseEnter={[Function]}
  onMouseLeave={[Function]}
  onMouseUp={[Function]}
  onTouchCancel={[Function]}
  onTouchEnd={[Function]}
  onTouchStart={[Function]}
  style={
    {
      "color": "#1865f2",
      "cursor": "pointer",
      "outline": "none",
      "textDecoration": "underline currentcolor solid",
    }
  }
  tabIndex={0}
>
  Click me
</a>
`;

exports[`LinkCore kind:primary href:#non-existent-link light:false visitable:false hovered 1`] = `
<a
  className=""
  href="#"
  onBlur={[Function]}
  onClick={[Function]}
  onDragStart={[Function]}
  onFocus={[Function]}
  onKeyDown={[Function]}
  onKeyUp={[Function]}
  onMouseDown={[Function]}
  onMouseEnter={[Function]}
  onMouseLeave={[Function]}
  onMouseUp={[Function]}
  onTouchCancel={[Function]}
  onTouchEnd={[Function]}
  onTouchStart={[Function]}
  style={
    {
      "color": "#1865f2",
      "cursor": "pointer",
      "outline": "none",
      "textDecoration": "underline currentcolor solid",
    }
  }
  tabIndex={0}
>
  Click me
</a>
`;

exports[`LinkCore kind:primary href:#non-existent-link light:false visitable:false pressed 1`] = `
<a
  className=""
  href="#"
  onBlur={[Function]}
  onClick={[Function]}
  onDragStart={[Function]}
  onFocus={[Function]}
  onKeyDown={[Function]}
  onKeyUp={[Function]}
  onMouseDown={[Function]}
  onMouseEnter={[Function]}
  onMouseLeave={[Function]}
  onMouseUp={[Function]}
  onTouchCancel={[Function]}
  onTouchEnd={[Function]}
  onTouchStart={[Function]}
  style={
    {
      "color": "#1b50b3",
      "cursor": "pointer",
      "outline": "none",
      "textDecoration": "underline currentcolor solid",
    }
  }
  tabIndex={0}
>
  Click me
</a>
`;

exports[`LinkCore kind:primary href:#non-existent-link light:false visitable:true focused 1`] = `
<a
  className=""
  href="#"
  onBlur={[Function]}
  onClick={[Function]}
  onDragStart={[Function]}
  onFocus={[Function]}
  onKeyDown={[Function]}
  onKeyUp={[Function]}
  onMouseDown={[Function]}
  onMouseEnter={[Function]}
  onMouseLeave={[Function]}
  onMouseUp={[Function]}
  onTouchCancel={[Function]}
  onTouchEnd={[Function]}
  onTouchStart={[Function]}
  style={
    {
      ":visited": {
        "color": "#8755ee",
      },
      "color": "#1865f2",
      "cursor": "pointer",
      "outline": "none",
      "textDecoration": "underline currentcolor solid",
    }
  }
  tabIndex={0}
>
  Click me
</a>
`;

exports[`LinkCore kind:primary href:#non-existent-link light:false visitable:true hovered 1`] = `
<a
  className=""
  href="#"
  onBlur={[Function]}
  onClick={[Function]}
  onDragStart={[Function]}
  onFocus={[Function]}
  onKeyDown={[Function]}
  onKeyUp={[Function]}
  onMouseDown={[Function]}
  onMouseEnter={[Function]}
  onMouseLeave={[Function]}
  onMouseUp={[Function]}
  onTouchCancel={[Function]}
  onTouchEnd={[Function]}
  onTouchStart={[Function]}
  style={
    {
      ":visited": {
        "color": "#8755ee",
      },
      "color": "#1865f2",
      "cursor": "pointer",
      "outline": "none",
      "textDecoration": "underline currentcolor solid",
    }
  }
  tabIndex={0}
>
  Click me
</a>
`;

exports[`LinkCore kind:primary href:#non-existent-link light:false visitable:true pressed 1`] = `
<a
  className=""
  href="#"
  onBlur={[Function]}
  onClick={[Function]}
  onDragStart={[Function]}
  onFocus={[Function]}
  onKeyDown={[Function]}
  onKeyUp={[Function]}
  onMouseDown={[Function]}
  onMouseEnter={[Function]}
  onMouseLeave={[Function]}
  onMouseUp={[Function]}
  onTouchCancel={[Function]}
  onTouchEnd={[Function]}
  onTouchStart={[Function]}
  style={
    {
      ":visited": {
        "color": "#6645b0",
      },
      "color": "#1b50b3",
      "cursor": "pointer",
      "outline": "none",
      "textDecoration": "underline currentcolor solid",
    }
  }
  tabIndex={0}
>
  Click me
</a>
`;

exports[`LinkCore kind:primary href:#non-existent-link light:true visitable:false focused 1`] = `
<a
  className=""
  href="#"
  onBlur={[Function]}
  onClick={[Function]}
  onDragStart={[Function]}
  onFocus={[Function]}
  onKeyDown={[Function]}
  onKeyUp={[Function]}
  onMouseDown={[Function]}
  onMouseEnter={[Function]}
  onMouseLeave={[Function]}
  onMouseUp={[Function]}
  onTouchCancel={[Function]}
  onTouchEnd={[Function]}
  onTouchStart={[Function]}
  style={
    {
      "color": "#ffffff",
      "cursor": "pointer",
      "outline": "none",
      "textDecoration": "underline currentcolor solid",
    }
  }
  tabIndex={0}
>
  Click me
</a>
`;

exports[`LinkCore kind:primary href:#non-existent-link light:true visitable:false hovered 1`] = `
<a
  className=""
  href="#"
  onBlur={[Function]}
  onClick={[Function]}
  onDragStart={[Function]}
  onFocus={[Function]}
  onKeyDown={[Function]}
  onKeyUp={[Function]}
  onMouseDown={[Function]}
  onMouseEnter={[Function]}
  onMouseLeave={[Function]}
  onMouseUp={[Function]}
  onTouchCancel={[Function]}
  onTouchEnd={[Function]}
  onTouchStart={[Function]}
  style={
    {
      "color": "#ffffff",
      "cursor": "pointer",
      "outline": "none",
      "textDecoration": "underline currentcolor solid",
    }
  }
  tabIndex={0}
>
  Click me
</a>
`;

exports[`LinkCore kind:primary href:#non-existent-link light:true visitable:false pressed 1`] = `
<a
  className=""
  href="#"
  onBlur={[Function]}
  onClick={[Function]}
  onDragStart={[Function]}
  onFocus={[Function]}
  onKeyDown={[Function]}
  onKeyUp={[Function]}
  onMouseDown={[Function]}
  onMouseEnter={[Function]}
  onMouseLeave={[Function]}
  onMouseUp={[Function]}
  onTouchCancel={[Function]}
  onTouchEnd={[Function]}
  onTouchStart={[Function]}
  style={
    {
      "color": "#b5cefb",
      "cursor": "pointer",
      "outline": "none",
      "textDecoration": "underline currentcolor solid",
    }
  }
  tabIndex={0}
>
  Click me
</a>
`;

exports[`LinkCore kind:secondary href:# light:false visitable:false focused 1`] = `
<a
  className=""
  href="#"
  onBlur={[Function]}
  onClick={[Function]}
  onDragStart={[Function]}
  onFocus={[Function]}
  onKeyDown={[Function]}
  onKeyUp={[Function]}
  onMouseDown={[Function]}
  onMouseEnter={[Function]}
  onMouseLeave={[Function]}
  onMouseUp={[Function]}
  onTouchCancel={[Function]}
  onTouchEnd={[Function]}
  onTouchStart={[Function]}
  style={
    {
      "color": "#1865f2",
      "cursor": "pointer",
      "outline": "none",
      "textDecoration": "underline currentcolor solid",
    }
  }
  tabIndex={0}
>
  Click me
</a>
`;

exports[`LinkCore kind:secondary href:# light:false visitable:false hovered 1`] = `
<a
  className=""
  href="#"
  onBlur={[Function]}
  onClick={[Function]}
  onDragStart={[Function]}
  onFocus={[Function]}
  onKeyDown={[Function]}
  onKeyUp={[Function]}
  onMouseDown={[Function]}
  onMouseEnter={[Function]}
  onMouseLeave={[Function]}
  onMouseUp={[Function]}
  onTouchCancel={[Function]}
  onTouchEnd={[Function]}
  onTouchStart={[Function]}
  style={
    {
      "color": "#1865f2",
      "cursor": "pointer",
      "outline": "none",
      "textDecoration": "underline currentcolor solid",
    }
  }
  tabIndex={0}
>
  Click me
</a>
`;

exports[`LinkCore kind:secondary href:# light:false visitable:false pressed 1`] = `
<a
  className=""
  href="#"
  onBlur={[Function]}
  onClick={[Function]}
  onDragStart={[Function]}
  onFocus={[Function]}
  onKeyDown={[Function]}
  onKeyUp={[Function]}
  onMouseDown={[Function]}
  onMouseEnter={[Function]}
  onMouseLeave={[Function]}
  onMouseUp={[Function]}
  onTouchCancel={[Function]}
  onTouchEnd={[Function]}
  onTouchStart={[Function]}
  style={
    {
      "color": "#1b50b3",
      "cursor": "pointer",
      "outline": "none",
      "textDecoration": "underline currentcolor solid",
    }
  }
  tabIndex={0}
>
  Click me
</a>
`;

exports[`LinkCore kind:secondary href:#non-existent-link light:false visitable:false focused 1`] = `
<a
  className=""
  href="#"
  onBlur={[Function]}
  onClick={[Function]}
  onDragStart={[Function]}
  onFocus={[Function]}
  onKeyDown={[Function]}
  onKeyUp={[Function]}
  onMouseDown={[Function]}
  onMouseEnter={[Function]}
  onMouseLeave={[Function]}
  onMouseUp={[Function]}
  onTouchCancel={[Function]}
  onTouchEnd={[Function]}
  onTouchStart={[Function]}
  style={
    {
      "color": "#1865f2",
      "cursor": "pointer",
      "outline": "none",
      "textDecoration": "underline currentcolor solid",
    }
  }
  tabIndex={0}
>
  Click me
</a>
`;

exports[`LinkCore kind:secondary href:#non-existent-link light:false visitable:false hovered 1`] = `
<a
  className=""
  href="#"
  onBlur={[Function]}
  onClick={[Function]}
  onDragStart={[Function]}
  onFocus={[Function]}
  onKeyDown={[Function]}
  onKeyUp={[Function]}
  onMouseDown={[Function]}
  onMouseEnter={[Function]}
  onMouseLeave={[Function]}
  onMouseUp={[Function]}
  onTouchCancel={[Function]}
  onTouchEnd={[Function]}
  onTouchStart={[Function]}
  style={
    {
      "color": "#1865f2",
      "cursor": "pointer",
      "outline": "none",
      "textDecoration": "underline currentcolor solid",
    }
  }
  tabIndex={0}
>
  Click me
</a>
`;

exports[`LinkCore kind:secondary href:#non-existent-link light:false visitable:false pressed 1`] = `
<a
  className=""
  href="#"
  onBlur={[Function]}
  onClick={[Function]}
  onDragStart={[Function]}
  onFocus={[Function]}
  onKeyDown={[Function]}
  onKeyUp={[Function]}
  onMouseDown={[Function]}
  onMouseEnter={[Function]}
  onMouseLeave={[Function]}
  onMouseUp={[Function]}
  onTouchCancel={[Function]}
  onTouchEnd={[Function]}
  onTouchStart={[Function]}
  style={
    {
      "color": "#1b50b3",
      "cursor": "pointer",
      "outline": "none",
      "textDecoration": "underline currentcolor solid",
    }
  }
  tabIndex={0}
>
  Click me
</a>
`;
