// Jest Snapshot v1, https://goo.gl/fbAQLP

exports[`fade color is not a string, throws 1`] = `"Failed to parse color: null"`;

exports[`fade color is not a valid string format, throws 1`] = `"Failed to parse color: #NOTVALID"`;

exports[`fade color is not a valid string format, throws 2`] = `"Failed to parse color: #12345"`;

exports[`fade color is not a valid string format, throws 3`] = `"Failed to parse color: #12"`;

exports[`fade color is not a valid string format, throws 4`] = `"Failed to parse color: #ABCDEFG"`;

exports[`fade color is not a valid string format, throws 5`] = `"Failed to parse color: "`;

exports[`fade percentage is greater than 1, throws 1`] = `"Percentage must be between 0 and 1"`;

exports[`fade percentage is negative, throws 1`] = `"Percentage must be between 0 and 1"`;

exports[`mix background is not a string, throws 1`] = `"Failed to parse color: null"`;

exports[`mix background is not a valid string format, throws 1`] = `"Failed to parse color: #NOTVALID"`;

exports[`mix background is not a valid string format, throws 2`] = `"Failed to parse color: #12345"`;

exports[`mix background is not a valid string format, throws 3`] = `"Failed to parse color: #12"`;

exports[`mix background is not a valid string format, throws 4`] = `"Failed to parse color: #ABCDEFG"`;

exports[`mix background is not a valid string format, throws 5`] = `"Failed to parse color: "`;

exports[`mix color is not a string, throws 1`] = `"Failed to parse color: null"`;

exports[`mix color is not a valid string format, throws 1`] = `"Failed to parse color: #NOTVALID"`;

exports[`mix color is not a valid string format, throws 2`] = `"Failed to parse color: #12345"`;

exports[`mix color is not a valid string format, throws 3`] = `"Failed to parse color: #12"`;

exports[`mix color is not a valid string format, throws 4`] = `"Failed to parse color: #ABCDEFG"`;

exports[`mix color is not a valid string format, throws 5`] = `"Failed to parse color: "`;
