// Jest Snapshot v1, https://goo.gl/fbAQLP

exports[`IconButtonCore kind:primary color:default size:default light:false disabled 1`] = `
<svg
  className=""
  height={24}
  style={
    Object {
      "display": "inline-block",
      "flexGrow": 0,
      "flexShrink": 0,
      "verticalAlign": "text-bottom",
    }
  }
  viewBox="0 0 24 24"
  width={24}
>
  <path
    d="M11 17a6 6 0 1 0 0-12 6 6 0 0 0 0 12zm6.32-1.094l3.387 3.387a1 1 0 0 1-1.414 1.414l-3.387-3.387a8 8 0 1 1 1.414-1.414z"
    fill="currentColor"
  />
</svg>
`;

exports[`IconButtonCore kind:primary color:default size:default light:false focused 1`] = `
<svg
  className=""
  height={24}
  style={
    Object {
      "display": "inline-block",
      "flexGrow": 0,
      "flexShrink": 0,
      "verticalAlign": "text-bottom",
    }
  }
  viewBox="0 0 24 24"
  width={24}
>
  <path
    d="M11 17a6 6 0 1 0 0-12 6 6 0 0 0 0 12zm6.32-1.094l3.387 3.387a1 1 0 0 1-1.414 1.414l-3.387-3.387a8 8 0 1 1 1.414-1.414z"
    fill="currentColor"
  />
</svg>
`;

exports[`IconButtonCore kind:primary color:default size:default light:false hovered 1`] = `
<svg
  className=""
  height={24}
  style={
    Object {
      "display": "inline-block",
      "flexGrow": 0,
      "flexShrink": 0,
      "verticalAlign": "text-bottom",
    }
  }
  viewBox="0 0 24 24"
  width={24}
>
  <path
    d="M11 17a6 6 0 1 0 0-12 6 6 0 0 0 0 12zm6.32-1.094l3.387 3.387a1 1 0 0 1-1.414 1.414l-3.387-3.387a8 8 0 1 1 1.414-1.414z"
    fill="currentColor"
  />
</svg>
`;

exports[`IconButtonCore kind:primary color:default size:default light:false pressed 1`] = `
<svg
  className=""
  height={24}
  style={
    Object {
      "display": "inline-block",
      "flexGrow": 0,
      "flexShrink": 0,
      "verticalAlign": "text-bottom",
    }
  }
  viewBox="0 0 24 24"
  width={24}
>
  <path
    d="M11 17a6 6 0 1 0 0-12 6 6 0 0 0 0 12zm6.32-1.094l3.387 3.387a1 1 0 0 1-1.414 1.414l-3.387-3.387a8 8 0 1 1 1.414-1.414z"
    fill="currentColor"
  />
</svg>
`;

exports[`IconButtonCore kind:primary color:default size:default light:true disabled 1`] = `
<svg
  className=""
  height={24}
  style={
    Object {
      "display": "inline-block",
      "flexGrow": 0,
      "flexShrink": 0,
      "verticalAlign": "text-bottom",
    }
  }
  viewBox="0 0 24 24"
  width={24}
>
  <path
    d="M11 17a6 6 0 1 0 0-12 6 6 0 0 0 0 12zm6.32-1.094l3.387 3.387a1 1 0 0 1-1.414 1.414l-3.387-3.387a8 8 0 1 1 1.414-1.414z"
    fill="currentColor"
  />
</svg>
`;

exports[`IconButtonCore kind:primary color:default size:default light:true focused 1`] = `
<svg
  className=""
  height={24}
  style={
    Object {
      "display": "inline-block",
      "flexGrow": 0,
      "flexShrink": 0,
      "verticalAlign": "text-bottom",
    }
  }
  viewBox="0 0 24 24"
  width={24}
>
  <path
    d="M11 17a6 6 0 1 0 0-12 6 6 0 0 0 0 12zm6.32-1.094l3.387 3.387a1 1 0 0 1-1.414 1.414l-3.387-3.387a8 8 0 1 1 1.414-1.414z"
    fill="currentColor"
  />
</svg>
`;

exports[`IconButtonCore kind:primary color:default size:default light:true hovered 1`] = `
<svg
  className=""
  height={24}
  style={
    Object {
      "display": "inline-block",
      "flexGrow": 0,
      "flexShrink": 0,
      "verticalAlign": "text-bottom",
    }
  }
  viewBox="0 0 24 24"
  width={24}
>
  <path
    d="M11 17a6 6 0 1 0 0-12 6 6 0 0 0 0 12zm6.32-1.094l3.387 3.387a1 1 0 0 1-1.414 1.414l-3.387-3.387a8 8 0 1 1 1.414-1.414z"
    fill="currentColor"
  />
</svg>
`;

exports[`IconButtonCore kind:primary color:default size:default light:true pressed 1`] = `
<svg
  className=""
  height={24}
  style={
    Object {
      "display": "inline-block",
      "flexGrow": 0,
      "flexShrink": 0,
      "verticalAlign": "text-bottom",
    }
  }
  viewBox="0 0 24 24"
  width={24}
>
  <path
    d="M11 17a6 6 0 1 0 0-12 6 6 0 0 0 0 12zm6.32-1.094l3.387 3.387a1 1 0 0 1-1.414 1.414l-3.387-3.387a8 8 0 1 1 1.414-1.414z"
    fill="currentColor"
  />
</svg>
`;

exports[`IconButtonCore kind:primary color:default size:small light:false disabled 1`] = `
<svg
  className=""
  height={24}
  style={
    Object {
      "display": "inline-block",
      "flexGrow": 0,
      "flexShrink": 0,
      "verticalAlign": "text-bottom",
    }
  }
  viewBox="0 0 24 24"
  width={24}
>
  <path
    d="M11 17a6 6 0 1 0 0-12 6 6 0 0 0 0 12zm6.32-1.094l3.387 3.387a1 1 0 0 1-1.414 1.414l-3.387-3.387a8 8 0 1 1 1.414-1.414z"
    fill="currentColor"
  />
</svg>
`;

exports[`IconButtonCore kind:primary color:default size:small light:false focused 1`] = `
<svg
  className=""
  height={24}
  style={
    Object {
      "display": "inline-block",
      "flexGrow": 0,
      "flexShrink": 0,
      "verticalAlign": "text-bottom",
    }
  }
  viewBox="0 0 24 24"
  width={24}
>
  <path
    d="M11 17a6 6 0 1 0 0-12 6 6 0 0 0 0 12zm6.32-1.094l3.387 3.387a1 1 0 0 1-1.414 1.414l-3.387-3.387a8 8 0 1 1 1.414-1.414z"
    fill="currentColor"
  />
</svg>
`;

exports[`IconButtonCore kind:primary color:default size:small light:false hovered 1`] = `
<svg
  className=""
  height={24}
  style={
    Object {
      "display": "inline-block",
      "flexGrow": 0,
      "flexShrink": 0,
      "verticalAlign": "text-bottom",
    }
  }
  viewBox="0 0 24 24"
  width={24}
>
  <path
    d="M11 17a6 6 0 1 0 0-12 6 6 0 0 0 0 12zm6.32-1.094l3.387 3.387a1 1 0 0 1-1.414 1.414l-3.387-3.387a8 8 0 1 1 1.414-1.414z"
    fill="currentColor"
  />
</svg>
`;

exports[`IconButtonCore kind:primary color:default size:small light:false pressed 1`] = `
<svg
  className=""
  height={24}
  style={
    Object {
      "display": "inline-block",
      "flexGrow": 0,
      "flexShrink": 0,
      "verticalAlign": "text-bottom",
    }
  }
  viewBox="0 0 24 24"
  width={24}
>
  <path
    d="M11 17a6 6 0 1 0 0-12 6 6 0 0 0 0 12zm6.32-1.094l3.387 3.387a1 1 0 0 1-1.414 1.414l-3.387-3.387a8 8 0 1 1 1.414-1.414z"
    fill="currentColor"
  />
</svg>
`;

exports[`IconButtonCore kind:primary color:default size:small light:true disabled 1`] = `
<svg
  className=""
  height={24}
  style={
    Object {
      "display": "inline-block",
      "flexGrow": 0,
      "flexShrink": 0,
      "verticalAlign": "text-bottom",
    }
  }
  viewBox="0 0 24 24"
  width={24}
>
  <path
    d="M11 17a6 6 0 1 0 0-12 6 6 0 0 0 0 12zm6.32-1.094l3.387 3.387a1 1 0 0 1-1.414 1.414l-3.387-3.387a8 8 0 1 1 1.414-1.414z"
    fill="currentColor"
  />
</svg>
`;

exports[`IconButtonCore kind:primary color:default size:small light:true focused 1`] = `
<svg
  className=""
  height={24}
  style={
    Object {
      "display": "inline-block",
      "flexGrow": 0,
      "flexShrink": 0,
      "verticalAlign": "text-bottom",
    }
  }
  viewBox="0 0 24 24"
  width={24}
>
  <path
    d="M11 17a6 6 0 1 0 0-12 6 6 0 0 0 0 12zm6.32-1.094l3.387 3.387a1 1 0 0 1-1.414 1.414l-3.387-3.387a8 8 0 1 1 1.414-1.414z"
    fill="currentColor"
  />
</svg>
`;

exports[`IconButtonCore kind:primary color:default size:small light:true hovered 1`] = `
<svg
  className=""
  height={24}
  style={
    Object {
      "display": "inline-block",
      "flexGrow": 0,
      "flexShrink": 0,
      "verticalAlign": "text-bottom",
    }
  }
  viewBox="0 0 24 24"
  width={24}
>
  <path
    d="M11 17a6 6 0 1 0 0-12 6 6 0 0 0 0 12zm6.32-1.094l3.387 3.387a1 1 0 0 1-1.414 1.414l-3.387-3.387a8 8 0 1 1 1.414-1.414z"
    fill="currentColor"
  />
</svg>
`;

exports[`IconButtonCore kind:primary color:default size:small light:true pressed 1`] = `
<svg
  className=""
  height={24}
  style={
    Object {
      "display": "inline-block",
      "flexGrow": 0,
      "flexShrink": 0,
      "verticalAlign": "text-bottom",
    }
  }
  viewBox="0 0 24 24"
  width={24}
>
  <path
    d="M11 17a6 6 0 1 0 0-12 6 6 0 0 0 0 12zm6.32-1.094l3.387 3.387a1 1 0 0 1-1.414 1.414l-3.387-3.387a8 8 0 1 1 1.414-1.414z"
    fill="currentColor"
  />
</svg>
`;

exports[`IconButtonCore kind:primary color:destructive size:default light:false disabled 1`] = `
<svg
  className=""
  height={24}
  style={
    Object {
      "display": "inline-block",
      "flexGrow": 0,
      "flexShrink": 0,
      "verticalAlign": "text-bottom",
    }
  }
  viewBox="0 0 24 24"
  width={24}
>
  <path
    d="M11 17a6 6 0 1 0 0-12 6 6 0 0 0 0 12zm6.32-1.094l3.387 3.387a1 1 0 0 1-1.414 1.414l-3.387-3.387a8 8 0 1 1 1.414-1.414z"
    fill="currentColor"
  />
</svg>
`;

exports[`IconButtonCore kind:primary color:destructive size:default light:false focused 1`] = `
<svg
  className=""
  height={24}
  style={
    Object {
      "display": "inline-block",
      "flexGrow": 0,
      "flexShrink": 0,
      "verticalAlign": "text-bottom",
    }
  }
  viewBox="0 0 24 24"
  width={24}
>
  <path
    d="M11 17a6 6 0 1 0 0-12 6 6 0 0 0 0 12zm6.32-1.094l3.387 3.387a1 1 0 0 1-1.414 1.414l-3.387-3.387a8 8 0 1 1 1.414-1.414z"
    fill="currentColor"
  />
</svg>
`;

exports[`IconButtonCore kind:primary color:destructive size:default light:false hovered 1`] = `
<svg
  className=""
  height={24}
  style={
    Object {
      "display": "inline-block",
      "flexGrow": 0,
      "flexShrink": 0,
      "verticalAlign": "text-bottom",
    }
  }
  viewBox="0 0 24 24"
  width={24}
>
  <path
    d="M11 17a6 6 0 1 0 0-12 6 6 0 0 0 0 12zm6.32-1.094l3.387 3.387a1 1 0 0 1-1.414 1.414l-3.387-3.387a8 8 0 1 1 1.414-1.414z"
    fill="currentColor"
  />
</svg>
`;

exports[`IconButtonCore kind:primary color:destructive size:default light:false pressed 1`] = `
<svg
  className=""
  height={24}
  style={
    Object {
      "display": "inline-block",
      "flexGrow": 0,
      "flexShrink": 0,
      "verticalAlign": "text-bottom",
    }
  }
  viewBox="0 0 24 24"
  width={24}
>
  <path
    d="M11 17a6 6 0 1 0 0-12 6 6 0 0 0 0 12zm6.32-1.094l3.387 3.387a1 1 0 0 1-1.414 1.414l-3.387-3.387a8 8 0 1 1 1.414-1.414z"
    fill="currentColor"
  />
</svg>
`;

exports[`IconButtonCore kind:primary color:destructive size:default light:true disabled 1`] = `
<svg
  className=""
  height={24}
  style={
    Object {
      "display": "inline-block",
      "flexGrow": 0,
      "flexShrink": 0,
      "verticalAlign": "text-bottom",
    }
  }
  viewBox="0 0 24 24"
  width={24}
>
  <path
    d="M11 17a6 6 0 1 0 0-12 6 6 0 0 0 0 12zm6.32-1.094l3.387 3.387a1 1 0 0 1-1.414 1.414l-3.387-3.387a8 8 0 1 1 1.414-1.414z"
    fill="currentColor"
  />
</svg>
`;

exports[`IconButtonCore kind:primary color:destructive size:default light:true focused 1`] = `
<svg
  className=""
  height={24}
  style={
    Object {
      "display": "inline-block",
      "flexGrow": 0,
      "flexShrink": 0,
      "verticalAlign": "text-bottom",
    }
  }
  viewBox="0 0 24 24"
  width={24}
>
  <path
    d="M11 17a6 6 0 1 0 0-12 6 6 0 0 0 0 12zm6.32-1.094l3.387 3.387a1 1 0 0 1-1.414 1.414l-3.387-3.387a8 8 0 1 1 1.414-1.414z"
    fill="currentColor"
  />
</svg>
`;

exports[`IconButtonCore kind:primary color:destructive size:default light:true hovered 1`] = `
<svg
  className=""
  height={24}
  style={
    Object {
      "display": "inline-block",
      "flexGrow": 0,
      "flexShrink": 0,
      "verticalAlign": "text-bottom",
    }
  }
  viewBox="0 0 24 24"
  width={24}
>
  <path
    d="M11 17a6 6 0 1 0 0-12 6 6 0 0 0 0 12zm6.32-1.094l3.387 3.387a1 1 0 0 1-1.414 1.414l-3.387-3.387a8 8 0 1 1 1.414-1.414z"
    fill="currentColor"
  />
</svg>
`;

exports[`IconButtonCore kind:primary color:destructive size:default light:true pressed 1`] = `
<svg
  className=""
  height={24}
  style={
    Object {
      "display": "inline-block",
      "flexGrow": 0,
      "flexShrink": 0,
      "verticalAlign": "text-bottom",
    }
  }
  viewBox="0 0 24 24"
  width={24}
>
  <path
    d="M11 17a6 6 0 1 0 0-12 6 6 0 0 0 0 12zm6.32-1.094l3.387 3.387a1 1 0 0 1-1.414 1.414l-3.387-3.387a8 8 0 1 1 1.414-1.414z"
    fill="currentColor"
  />
</svg>
`;

exports[`IconButtonCore kind:primary color:destructive size:small light:false disabled 1`] = `
<svg
  className=""
  height={24}
  style={
    Object {
      "display": "inline-block",
      "flexGrow": 0,
      "flexShrink": 0,
      "verticalAlign": "text-bottom",
    }
  }
  viewBox="0 0 24 24"
  width={24}
>
  <path
    d="M11 17a6 6 0 1 0 0-12 6 6 0 0 0 0 12zm6.32-1.094l3.387 3.387a1 1 0 0 1-1.414 1.414l-3.387-3.387a8 8 0 1 1 1.414-1.414z"
    fill="currentColor"
  />
</svg>
`;

exports[`IconButtonCore kind:primary color:destructive size:small light:false focused 1`] = `
<svg
  className=""
  height={24}
  style={
    Object {
      "display": "inline-block",
      "flexGrow": 0,
      "flexShrink": 0,
      "verticalAlign": "text-bottom",
    }
  }
  viewBox="0 0 24 24"
  width={24}
>
  <path
    d="M11 17a6 6 0 1 0 0-12 6 6 0 0 0 0 12zm6.32-1.094l3.387 3.387a1 1 0 0 1-1.414 1.414l-3.387-3.387a8 8 0 1 1 1.414-1.414z"
    fill="currentColor"
  />
</svg>
`;

exports[`IconButtonCore kind:primary color:destructive size:small light:false hovered 1`] = `
<svg
  className=""
  height={24}
  style={
    Object {
      "display": "inline-block",
      "flexGrow": 0,
      "flexShrink": 0,
      "verticalAlign": "text-bottom",
    }
  }
  viewBox="0 0 24 24"
  width={24}
>
  <path
    d="M11 17a6 6 0 1 0 0-12 6 6 0 0 0 0 12zm6.32-1.094l3.387 3.387a1 1 0 0 1-1.414 1.414l-3.387-3.387a8 8 0 1 1 1.414-1.414z"
    fill="currentColor"
  />
</svg>
`;

exports[`IconButtonCore kind:primary color:destructive size:small light:false pressed 1`] = `
<svg
  className=""
  height={24}
  style={
    Object {
      "display": "inline-block",
      "flexGrow": 0,
      "flexShrink": 0,
      "verticalAlign": "text-bottom",
    }
  }
  viewBox="0 0 24 24"
  width={24}
>
  <path
    d="M11 17a6 6 0 1 0 0-12 6 6 0 0 0 0 12zm6.32-1.094l3.387 3.387a1 1 0 0 1-1.414 1.414l-3.387-3.387a8 8 0 1 1 1.414-1.414z"
    fill="currentColor"
  />
</svg>
`;

exports[`IconButtonCore kind:primary color:destructive size:small light:true disabled 1`] = `
<svg
  className=""
  height={24}
  style={
    Object {
      "display": "inline-block",
      "flexGrow": 0,
      "flexShrink": 0,
      "verticalAlign": "text-bottom",
    }
  }
  viewBox="0 0 24 24"
  width={24}
>
  <path
    d="M11 17a6 6 0 1 0 0-12 6 6 0 0 0 0 12zm6.32-1.094l3.387 3.387a1 1 0 0 1-1.414 1.414l-3.387-3.387a8 8 0 1 1 1.414-1.414z"
    fill="currentColor"
  />
</svg>
`;

exports[`IconButtonCore kind:primary color:destructive size:small light:true focused 1`] = `
<svg
  className=""
  height={24}
  style={
    Object {
      "display": "inline-block",
      "flexGrow": 0,
      "flexShrink": 0,
      "verticalAlign": "text-bottom",
    }
  }
  viewBox="0 0 24 24"
  width={24}
>
  <path
    d="M11 17a6 6 0 1 0 0-12 6 6 0 0 0 0 12zm6.32-1.094l3.387 3.387a1 1 0 0 1-1.414 1.414l-3.387-3.387a8 8 0 1 1 1.414-1.414z"
    fill="currentColor"
  />
</svg>
`;

exports[`IconButtonCore kind:primary color:destructive size:small light:true hovered 1`] = `
<svg
  className=""
  height={24}
  style={
    Object {
      "display": "inline-block",
      "flexGrow": 0,
      "flexShrink": 0,
      "verticalAlign": "text-bottom",
    }
  }
  viewBox="0 0 24 24"
  width={24}
>
  <path
    d="M11 17a6 6 0 1 0 0-12 6 6 0 0 0 0 12zm6.32-1.094l3.387 3.387a1 1 0 0 1-1.414 1.414l-3.387-3.387a8 8 0 1 1 1.414-1.414z"
    fill="currentColor"
  />
</svg>
`;

exports[`IconButtonCore kind:primary color:destructive size:small light:true pressed 1`] = `
<svg
  className=""
  height={24}
  style={
    Object {
      "display": "inline-block",
      "flexGrow": 0,
      "flexShrink": 0,
      "verticalAlign": "text-bottom",
    }
  }
  viewBox="0 0 24 24"
  width={24}
>
  <path
    d="M11 17a6 6 0 1 0 0-12 6 6 0 0 0 0 12zm6.32-1.094l3.387 3.387a1 1 0 0 1-1.414 1.414l-3.387-3.387a8 8 0 1 1 1.414-1.414z"
    fill="currentColor"
  />
</svg>
`;

exports[`IconButtonCore kind:secondary color:default size:default light:false disabled 1`] = `
<svg
  className=""
  height={24}
  style={
    Object {
      "display": "inline-block",
      "flexGrow": 0,
      "flexShrink": 0,
      "verticalAlign": "text-bottom",
    }
  }
  viewBox="0 0 24 24"
  width={24}
>
  <path
    d="M11 17a6 6 0 1 0 0-12 6 6 0 0 0 0 12zm6.32-1.094l3.387 3.387a1 1 0 0 1-1.414 1.414l-3.387-3.387a8 8 0 1 1 1.414-1.414z"
    fill="currentColor"
  />
</svg>
`;

exports[`IconButtonCore kind:secondary color:default size:default light:false focused 1`] = `
<svg
  className=""
  height={24}
  style={
    Object {
      "display": "inline-block",
      "flexGrow": 0,
      "flexShrink": 0,
      "verticalAlign": "text-bottom",
    }
  }
  viewBox="0 0 24 24"
  width={24}
>
  <path
    d="M11 17a6 6 0 1 0 0-12 6 6 0 0 0 0 12zm6.32-1.094l3.387 3.387a1 1 0 0 1-1.414 1.414l-3.387-3.387a8 8 0 1 1 1.414-1.414z"
    fill="currentColor"
  />
</svg>
`;

exports[`IconButtonCore kind:secondary color:default size:default light:false hovered 1`] = `
<svg
  className=""
  height={24}
  style={
    Object {
      "display": "inline-block",
      "flexGrow": 0,
      "flexShrink": 0,
      "verticalAlign": "text-bottom",
    }
  }
  viewBox="0 0 24 24"
  width={24}
>
  <path
    d="M11 17a6 6 0 1 0 0-12 6 6 0 0 0 0 12zm6.32-1.094l3.387 3.387a1 1 0 0 1-1.414 1.414l-3.387-3.387a8 8 0 1 1 1.414-1.414z"
    fill="currentColor"
  />
</svg>
`;

exports[`IconButtonCore kind:secondary color:default size:default light:false pressed 1`] = `
<svg
  className=""
  height={24}
  style={
    Object {
      "display": "inline-block",
      "flexGrow": 0,
      "flexShrink": 0,
      "verticalAlign": "text-bottom",
    }
  }
  viewBox="0 0 24 24"
  width={24}
>
  <path
    d="M11 17a6 6 0 1 0 0-12 6 6 0 0 0 0 12zm6.32-1.094l3.387 3.387a1 1 0 0 1-1.414 1.414l-3.387-3.387a8 8 0 1 1 1.414-1.414z"
    fill="currentColor"
  />
</svg>
`;

exports[`IconButtonCore kind:secondary color:default size:small light:false disabled 1`] = `
<svg
  className=""
  height={24}
  style={
    Object {
      "display": "inline-block",
      "flexGrow": 0,
      "flexShrink": 0,
      "verticalAlign": "text-bottom",
    }
  }
  viewBox="0 0 24 24"
  width={24}
>
  <path
    d="M11 17a6 6 0 1 0 0-12 6 6 0 0 0 0 12zm6.32-1.094l3.387 3.387a1 1 0 0 1-1.414 1.414l-3.387-3.387a8 8 0 1 1 1.414-1.414z"
    fill="currentColor"
  />
</svg>
`;

exports[`IconButtonCore kind:secondary color:default size:small light:false focused 1`] = `
<svg
  className=""
  height={24}
  style={
    Object {
      "display": "inline-block",
      "flexGrow": 0,
      "flexShrink": 0,
      "verticalAlign": "text-bottom",
    }
  }
  viewBox="0 0 24 24"
  width={24}
>
  <path
    d="M11 17a6 6 0 1 0 0-12 6 6 0 0 0 0 12zm6.32-1.094l3.387 3.387a1 1 0 0 1-1.414 1.414l-3.387-3.387a8 8 0 1 1 1.414-1.414z"
    fill="currentColor"
  />
</svg>
`;

exports[`IconButtonCore kind:secondary color:default size:small light:false hovered 1`] = `
<svg
  className=""
  height={24}
  style={
    Object {
      "display": "inline-block",
      "flexGrow": 0,
      "flexShrink": 0,
      "verticalAlign": "text-bottom",
    }
  }
  viewBox="0 0 24 24"
  width={24}
>
  <path
    d="M11 17a6 6 0 1 0 0-12 6 6 0 0 0 0 12zm6.32-1.094l3.387 3.387a1 1 0 0 1-1.414 1.414l-3.387-3.387a8 8 0 1 1 1.414-1.414z"
    fill="currentColor"
  />
</svg>
`;

exports[`IconButtonCore kind:secondary color:default size:small light:false pressed 1`] = `
<svg
  className=""
  height={24}
  style={
    Object {
      "display": "inline-block",
      "flexGrow": 0,
      "flexShrink": 0,
      "verticalAlign": "text-bottom",
    }
  }
  viewBox="0 0 24 24"
  width={24}
>
  <path
    d="M11 17a6 6 0 1 0 0-12 6 6 0 0 0 0 12zm6.32-1.094l3.387 3.387a1 1 0 0 1-1.414 1.414l-3.387-3.387a8 8 0 1 1 1.414-1.414z"
    fill="currentColor"
  />
</svg>
`;

exports[`IconButtonCore kind:secondary color:destructive size:default light:false disabled 1`] = `
<svg
  className=""
  height={24}
  style={
    Object {
      "display": "inline-block",
      "flexGrow": 0,
      "flexShrink": 0,
      "verticalAlign": "text-bottom",
    }
  }
  viewBox="0 0 24 24"
  width={24}
>
  <path
    d="M11 17a6 6 0 1 0 0-12 6 6 0 0 0 0 12zm6.32-1.094l3.387 3.387a1 1 0 0 1-1.414 1.414l-3.387-3.387a8 8 0 1 1 1.414-1.414z"
    fill="currentColor"
  />
</svg>
`;

exports[`IconButtonCore kind:secondary color:destructive size:default light:false focused 1`] = `
<svg
  className=""
  height={24}
  style={
    Object {
      "display": "inline-block",
      "flexGrow": 0,
      "flexShrink": 0,
      "verticalAlign": "text-bottom",
    }
  }
  viewBox="0 0 24 24"
  width={24}
>
  <path
    d="M11 17a6 6 0 1 0 0-12 6 6 0 0 0 0 12zm6.32-1.094l3.387 3.387a1 1 0 0 1-1.414 1.414l-3.387-3.387a8 8 0 1 1 1.414-1.414z"
    fill="currentColor"
  />
</svg>
`;

exports[`IconButtonCore kind:secondary color:destructive size:default light:false hovered 1`] = `
<svg
  className=""
  height={24}
  style={
    Object {
      "display": "inline-block",
      "flexGrow": 0,
      "flexShrink": 0,
      "verticalAlign": "text-bottom",
    }
  }
  viewBox="0 0 24 24"
  width={24}
>
  <path
    d="M11 17a6 6 0 1 0 0-12 6 6 0 0 0 0 12zm6.32-1.094l3.387 3.387a1 1 0 0 1-1.414 1.414l-3.387-3.387a8 8 0 1 1 1.414-1.414z"
    fill="currentColor"
  />
</svg>
`;

exports[`IconButtonCore kind:secondary color:destructive size:default light:false pressed 1`] = `
<svg
  className=""
  height={24}
  style={
    Object {
      "display": "inline-block",
      "flexGrow": 0,
      "flexShrink": 0,
      "verticalAlign": "text-bottom",
    }
  }
  viewBox="0 0 24 24"
  width={24}
>
  <path
    d="M11 17a6 6 0 1 0 0-12 6 6 0 0 0 0 12zm6.32-1.094l3.387 3.387a1 1 0 0 1-1.414 1.414l-3.387-3.387a8 8 0 1 1 1.414-1.414z"
    fill="currentColor"
  />
</svg>
`;

exports[`IconButtonCore kind:secondary color:destructive size:small light:false disabled 1`] = `
<svg
  className=""
  height={24}
  style={
    Object {
      "display": "inline-block",
      "flexGrow": 0,
      "flexShrink": 0,
      "verticalAlign": "text-bottom",
    }
  }
  viewBox="0 0 24 24"
  width={24}
>
  <path
    d="M11 17a6 6 0 1 0 0-12 6 6 0 0 0 0 12zm6.32-1.094l3.387 3.387a1 1 0 0 1-1.414 1.414l-3.387-3.387a8 8 0 1 1 1.414-1.414z"
    fill="currentColor"
  />
</svg>
`;

exports[`IconButtonCore kind:secondary color:destructive size:small light:false focused 1`] = `
<svg
  className=""
  height={24}
  style={
    Object {
      "display": "inline-block",
      "flexGrow": 0,
      "flexShrink": 0,
      "verticalAlign": "text-bottom",
    }
  }
  viewBox="0 0 24 24"
  width={24}
>
  <path
    d="M11 17a6 6 0 1 0 0-12 6 6 0 0 0 0 12zm6.32-1.094l3.387 3.387a1 1 0 0 1-1.414 1.414l-3.387-3.387a8 8 0 1 1 1.414-1.414z"
    fill="currentColor"
  />
</svg>
`;

exports[`IconButtonCore kind:secondary color:destructive size:small light:false hovered 1`] = `
<svg
  className=""
  height={24}
  style={
    Object {
      "display": "inline-block",
      "flexGrow": 0,
      "flexShrink": 0,
      "verticalAlign": "text-bottom",
    }
  }
  viewBox="0 0 24 24"
  width={24}
>
  <path
    d="M11 17a6 6 0 1 0 0-12 6 6 0 0 0 0 12zm6.32-1.094l3.387 3.387a1 1 0 0 1-1.414 1.414l-3.387-3.387a8 8 0 1 1 1.414-1.414z"
    fill="currentColor"
  />
</svg>
`;

exports[`IconButtonCore kind:secondary color:destructive size:small light:false pressed 1`] = `
<svg
  className=""
  height={24}
  style={
    Object {
      "display": "inline-block",
      "flexGrow": 0,
      "flexShrink": 0,
      "verticalAlign": "text-bottom",
    }
  }
  viewBox="0 0 24 24"
  width={24}
>
  <path
    d="M11 17a6 6 0 1 0 0-12 6 6 0 0 0 0 12zm6.32-1.094l3.387 3.387a1 1 0 0 1-1.414 1.414l-3.387-3.387a8 8 0 1 1 1.414-1.414z"
    fill="currentColor"
  />
</svg>
`;

exports[`IconButtonCore kind:tertiary color:default size:default light:false disabled 1`] = `
<svg
  className=""
  height={24}
  style={
    Object {
      "display": "inline-block",
      "flexGrow": 0,
      "flexShrink": 0,
      "verticalAlign": "text-bottom",
    }
  }
  viewBox="0 0 24 24"
  width={24}
>
  <path
    d="M11 17a6 6 0 1 0 0-12 6 6 0 0 0 0 12zm6.32-1.094l3.387 3.387a1 1 0 0 1-1.414 1.414l-3.387-3.387a8 8 0 1 1 1.414-1.414z"
    fill="currentColor"
  />
</svg>
`;

exports[`IconButtonCore kind:tertiary color:default size:default light:false focused 1`] = `
<svg
  className=""
  height={24}
  style={
    Object {
      "display": "inline-block",
      "flexGrow": 0,
      "flexShrink": 0,
      "verticalAlign": "text-bottom",
    }
  }
  viewBox="0 0 24 24"
  width={24}
>
  <path
    d="M11 17a6 6 0 1 0 0-12 6 6 0 0 0 0 12zm6.32-1.094l3.387 3.387a1 1 0 0 1-1.414 1.414l-3.387-3.387a8 8 0 1 1 1.414-1.414z"
    fill="currentColor"
  />
</svg>
`;

exports[`IconButtonCore kind:tertiary color:default size:default light:false hovered 1`] = `
<svg
  className=""
  height={24}
  style={
    Object {
      "display": "inline-block",
      "flexGrow": 0,
      "flexShrink": 0,
      "verticalAlign": "text-bottom",
    }
  }
  viewBox="0 0 24 24"
  width={24}
>
  <path
    d="M11 17a6 6 0 1 0 0-12 6 6 0 0 0 0 12zm6.32-1.094l3.387 3.387a1 1 0 0 1-1.414 1.414l-3.387-3.387a8 8 0 1 1 1.414-1.414z"
    fill="currentColor"
  />
</svg>
`;

exports[`IconButtonCore kind:tertiary color:default size:default light:false pressed 1`] = `
<svg
  className=""
  height={24}
  style={
    Object {
      "display": "inline-block",
      "flexGrow": 0,
      "flexShrink": 0,
      "verticalAlign": "text-bottom",
    }
  }
  viewBox="0 0 24 24"
  width={24}
>
  <path
    d="M11 17a6 6 0 1 0 0-12 6 6 0 0 0 0 12zm6.32-1.094l3.387 3.387a1 1 0 0 1-1.414 1.414l-3.387-3.387a8 8 0 1 1 1.414-1.414z"
    fill="currentColor"
  />
</svg>
`;

exports[`IconButtonCore kind:tertiary color:default size:small light:false disabled 1`] = `
<svg
  className=""
  height={24}
  style={
    Object {
      "display": "inline-block",
      "flexGrow": 0,
      "flexShrink": 0,
      "verticalAlign": "text-bottom",
    }
  }
  viewBox="0 0 24 24"
  width={24}
>
  <path
    d="M11 17a6 6 0 1 0 0-12 6 6 0 0 0 0 12zm6.32-1.094l3.387 3.387a1 1 0 0 1-1.414 1.414l-3.387-3.387a8 8 0 1 1 1.414-1.414z"
    fill="currentColor"
  />
</svg>
`;

exports[`IconButtonCore kind:tertiary color:default size:small light:false focused 1`] = `
<svg
  className=""
  height={24}
  style={
    Object {
      "display": "inline-block",
      "flexGrow": 0,
      "flexShrink": 0,
      "verticalAlign": "text-bottom",
    }
  }
  viewBox="0 0 24 24"
  width={24}
>
  <path
    d="M11 17a6 6 0 1 0 0-12 6 6 0 0 0 0 12zm6.32-1.094l3.387 3.387a1 1 0 0 1-1.414 1.414l-3.387-3.387a8 8 0 1 1 1.414-1.414z"
    fill="currentColor"
  />
</svg>
`;

exports[`IconButtonCore kind:tertiary color:default size:small light:false hovered 1`] = `
<svg
  className=""
  height={24}
  style={
    Object {
      "display": "inline-block",
      "flexGrow": 0,
      "flexShrink": 0,
      "verticalAlign": "text-bottom",
    }
  }
  viewBox="0 0 24 24"
  width={24}
>
  <path
    d="M11 17a6 6 0 1 0 0-12 6 6 0 0 0 0 12zm6.32-1.094l3.387 3.387a1 1 0 0 1-1.414 1.414l-3.387-3.387a8 8 0 1 1 1.414-1.414z"
    fill="currentColor"
  />
</svg>
`;

exports[`IconButtonCore kind:tertiary color:default size:small light:false pressed 1`] = `
<svg
  className=""
  height={24}
  style={
    Object {
      "display": "inline-block",
      "flexGrow": 0,
      "flexShrink": 0,
      "verticalAlign": "text-bottom",
    }
  }
  viewBox="0 0 24 24"
  width={24}
>
  <path
    d="M11 17a6 6 0 1 0 0-12 6 6 0 0 0 0 12zm6.32-1.094l3.387 3.387a1 1 0 0 1-1.414 1.414l-3.387-3.387a8 8 0 1 1 1.414-1.414z"
    fill="currentColor"
  />
</svg>
`;

exports[`IconButtonCore kind:tertiary color:destructive size:default light:false disabled 1`] = `
<svg
  className=""
  height={24}
  style={
    Object {
      "display": "inline-block",
      "flexGrow": 0,
      "flexShrink": 0,
      "verticalAlign": "text-bottom",
    }
  }
  viewBox="0 0 24 24"
  width={24}
>
  <path
    d="M11 17a6 6 0 1 0 0-12 6 6 0 0 0 0 12zm6.32-1.094l3.387 3.387a1 1 0 0 1-1.414 1.414l-3.387-3.387a8 8 0 1 1 1.414-1.414z"
    fill="currentColor"
  />
</svg>
`;

exports[`IconButtonCore kind:tertiary color:destructive size:default light:false focused 1`] = `
<svg
  className=""
  height={24}
  style={
    Object {
      "display": "inline-block",
      "flexGrow": 0,
      "flexShrink": 0,
      "verticalAlign": "text-bottom",
    }
  }
  viewBox="0 0 24 24"
  width={24}
>
  <path
    d="M11 17a6 6 0 1 0 0-12 6 6 0 0 0 0 12zm6.32-1.094l3.387 3.387a1 1 0 0 1-1.414 1.414l-3.387-3.387a8 8 0 1 1 1.414-1.414z"
    fill="currentColor"
  />
</svg>
`;

exports[`IconButtonCore kind:tertiary color:destructive size:default light:false hovered 1`] = `
<svg
  className=""
  height={24}
  style={
    Object {
      "display": "inline-block",
      "flexGrow": 0,
      "flexShrink": 0,
      "verticalAlign": "text-bottom",
    }
  }
  viewBox="0 0 24 24"
  width={24}
>
  <path
    d="M11 17a6 6 0 1 0 0-12 6 6 0 0 0 0 12zm6.32-1.094l3.387 3.387a1 1 0 0 1-1.414 1.414l-3.387-3.387a8 8 0 1 1 1.414-1.414z"
    fill="currentColor"
  />
</svg>
`;

exports[`IconButtonCore kind:tertiary color:destructive size:default light:false pressed 1`] = `
<svg
  className=""
  height={24}
  style={
    Object {
      "display": "inline-block",
      "flexGrow": 0,
      "flexShrink": 0,
      "verticalAlign": "text-bottom",
    }
  }
  viewBox="0 0 24 24"
  width={24}
>
  <path
    d="M11 17a6 6 0 1 0 0-12 6 6 0 0 0 0 12zm6.32-1.094l3.387 3.387a1 1 0 0 1-1.414 1.414l-3.387-3.387a8 8 0 1 1 1.414-1.414z"
    fill="currentColor"
  />
</svg>
`;

exports[`IconButtonCore kind:tertiary color:destructive size:small light:false disabled 1`] = `
<svg
  className=""
  height={24}
  style={
    Object {
      "display": "inline-block",
      "flexGrow": 0,
      "flexShrink": 0,
      "verticalAlign": "text-bottom",
    }
  }
  viewBox="0 0 24 24"
  width={24}
>
  <path
    d="M11 17a6 6 0 1 0 0-12 6 6 0 0 0 0 12zm6.32-1.094l3.387 3.387a1 1 0 0 1-1.414 1.414l-3.387-3.387a8 8 0 1 1 1.414-1.414z"
    fill="currentColor"
  />
</svg>
`;

exports[`IconButtonCore kind:tertiary color:destructive size:small light:false focused 1`] = `
<svg
  className=""
  height={24}
  style={
    Object {
      "display": "inline-block",
      "flexGrow": 0,
      "flexShrink": 0,
      "verticalAlign": "text-bottom",
    }
  }
  viewBox="0 0 24 24"
  width={24}
>
  <path
    d="M11 17a6 6 0 1 0 0-12 6 6 0 0 0 0 12zm6.32-1.094l3.387 3.387a1 1 0 0 1-1.414 1.414l-3.387-3.387a8 8 0 1 1 1.414-1.414z"
    fill="currentColor"
  />
</svg>
`;

exports[`IconButtonCore kind:tertiary color:destructive size:small light:false hovered 1`] = `
<svg
  className=""
  height={24}
  style={
    Object {
      "display": "inline-block",
      "flexGrow": 0,
      "flexShrink": 0,
      "verticalAlign": "text-bottom",
    }
  }
  viewBox="0 0 24 24"
  width={24}
>
  <path
    d="M11 17a6 6 0 1 0 0-12 6 6 0 0 0 0 12zm6.32-1.094l3.387 3.387a1 1 0 0 1-1.414 1.414l-3.387-3.387a8 8 0 1 1 1.414-1.414z"
    fill="currentColor"
  />
</svg>
`;

exports[`IconButtonCore kind:tertiary color:destructive size:small light:false pressed 1`] = `
<svg
  className=""
  height={24}
  style={
    Object {
      "display": "inline-block",
      "flexGrow": 0,
      "flexShrink": 0,
      "verticalAlign": "text-bottom",
    }
  }
  viewBox="0 0 24 24"
  width={24}
>
  <path
    d="M11 17a6 6 0 1 0 0-12 6 6 0 0 0 0 12zm6.32-1.094l3.387 3.387a1 1 0 0 1-1.414 1.414l-3.387-3.387a8 8 0 1 1 1.414-1.414z"
    fill="currentColor"
  />
</svg>
`;
