// Jest Snapshot v1, https://goo.gl/fbAQLP

exports[`RefTracker #setCallback called with non-function, throws 1`] = `"targetFn must be a function"`;
