// Jest Snapshot v1, https://goo.gl/fbAQLP

exports[`wonder-blocks-spacing example 1 1`] = `
<div
  className=""
  style={
    {
      "alignItems": "stretch",
      "borderStyle": "solid",
      "borderWidth": 0,
      "boxSizing": "border-box",
      "display": "flex",
      "flexDirection": "column",
      "margin": 0,
      "minHeight": 0,
      "minWidth": 0,
      "padding": 0,
      "position": "relative",
      "zIndex": 0,
    }
  }
>
  <div
    className=""
    style={
      {
        "alignItems": "center",
        "borderStyle": "solid",
        "borderWidth": 0,
        "boxSizing": "border-box",
        "display": "flex",
        "flexDirection": "row",
        "margin": 0,
        "marginBottom": 6,
        "minHeight": 0,
        "minWidth": 0,
        "padding": 0,
        "position": "relative",
        "zIndex": 0,
      }
    }
  >
    <div
      className=""
      style={
        {
          "alignItems": "stretch",
          "borderStyle": "solid",
          "borderWidth": 0,
          "boxSizing": "border-box",
          "display": "flex",
          "flexDirection": "column",
          "margin": 0,
          "minHeight": 0,
          "minWidth": 0,
          "padding": 0,
          "position": "relative",
          "textAlign": "right",
          "width": 250,
          "zIndex": 0,
        }
      }
    >
      xxxxSmall_2
      : 
      2
      px
    </div>
    <div
      className=""
      style={
        {
          "alignItems": "stretch",
          "borderStyle": "solid",
          "borderWidth": 0,
          "boxSizing": "border-box",
          "display": "flex",
          "flexDirection": "column",
          "margin": 0,
          "minHeight": 0,
          "minWidth": 0,
          "padding": 0,
          "position": "relative",
          "width": 8,
          "zIndex": 0,
        }
      }
    />
    <div
      className=""
      style={
        {
          "alignItems": "stretch",
          "borderStyle": "solid",
          "borderWidth": 0,
          "boxSizing": "border-box",
          "display": "flex",
          "flexDirection": "column",
          "margin": 0,
          "minHeight": 0,
          "minWidth": 0,
          "padding": 0,
          "position": "relative",
          "width": 64,
          "zIndex": 0,
        }
      }
    >
      <div
        className=""
        style={
          {
            "alignItems": "stretch",
            "backgroundColor": "black",
            "borderStyle": "solid",
            "borderWidth": 0,
            "boxSizing": "border-box",
            "display": "flex",
            "flexDirection": "column",
            "height": 4,
            "margin": 0,
            "minHeight": 0,
            "minWidth": 0,
            "padding": 0,
            "position": "relative",
            "width": 2,
            "zIndex": 0,
          }
        }
      />
    </div>
    <div
      className=""
      style={
        {
          "alignItems": "stretch",
          "borderStyle": "solid",
          "borderWidth": 0,
          "boxSizing": "border-box",
          "display": "flex",
          "flexDirection": "column",
          "margin": 0,
          "minHeight": 0,
          "minWidth": 0,
          "padding": 0,
          "position": "relative",
          "width": 8,
          "zIndex": 0,
        }
      }
    />
    <div
      className=""
      style={
        {
          "alignItems": "stretch",
          "backgroundColor": "black",
          "borderStyle": "solid",
          "borderWidth": 0,
          "boxSizing": "border-box",
          "display": "flex",
          "flexDirection": "column",
          "height": 2,
          "margin": 0,
          "minHeight": 0,
          "minWidth": 0,
          "padding": 0,
          "position": "relative",
          "width": 4,
          "zIndex": 0,
        }
      }
    />
  </div>
  <div
    className=""
    style={
      {
        "alignItems": "center",
        "borderStyle": "solid",
        "borderWidth": 0,
        "boxSizing": "border-box",
        "display": "flex",
        "flexDirection": "row",
        "margin": 0,
        "marginBottom": 6,
        "minHeight": 0,
        "minWidth": 0,
        "padding": 0,
        "position": "relative",
        "zIndex": 0,
      }
    }
  >
    <div
      className=""
      style={
        {
          "alignItems": "stretch",
          "borderStyle": "solid",
          "borderWidth": 0,
          "boxSizing": "border-box",
          "display": "flex",
          "flexDirection": "column",
          "margin": 0,
          "minHeight": 0,
          "minWidth": 0,
          "padding": 0,
          "position": "relative",
          "textAlign": "right",
          "width": 250,
          "zIndex": 0,
        }
      }
    >
      xxxSmall_4
      : 
      4
      px
    </div>
    <div
      className=""
      style={
        {
          "alignItems": "stretch",
          "borderStyle": "solid",
          "borderWidth": 0,
          "boxSizing": "border-box",
          "display": "flex",
          "flexDirection": "column",
          "margin": 0,
          "minHeight": 0,
          "minWidth": 0,
          "padding": 0,
          "position": "relative",
          "width": 8,
          "zIndex": 0,
        }
      }
    />
    <div
      className=""
      style={
        {
          "alignItems": "stretch",
          "borderStyle": "solid",
          "borderWidth": 0,
          "boxSizing": "border-box",
          "display": "flex",
          "flexDirection": "column",
          "margin": 0,
          "minHeight": 0,
          "minWidth": 0,
          "padding": 0,
          "position": "relative",
          "width": 64,
          "zIndex": 0,
        }
      }
    >
      <div
        className=""
        style={
          {
            "alignItems": "stretch",
            "backgroundColor": "black",
            "borderStyle": "solid",
            "borderWidth": 0,
            "boxSizing": "border-box",
            "display": "flex",
            "flexDirection": "column",
            "height": 4,
            "margin": 0,
            "minHeight": 0,
            "minWidth": 0,
            "padding": 0,
            "position": "relative",
            "width": 4,
            "zIndex": 0,
          }
        }
      />
    </div>
    <div
      className=""
      style={
        {
          "alignItems": "stretch",
          "borderStyle": "solid",
          "borderWidth": 0,
          "boxSizing": "border-box",
          "display": "flex",
          "flexDirection": "column",
          "margin": 0,
          "minHeight": 0,
          "minWidth": 0,
          "padding": 0,
          "position": "relative",
          "width": 8,
          "zIndex": 0,
        }
      }
    />
    <div
      className=""
      style={
        {
          "alignItems": "stretch",
          "backgroundColor": "black",
          "borderStyle": "solid",
          "borderWidth": 0,
          "boxSizing": "border-box",
          "display": "flex",
          "flexDirection": "column",
          "height": 4,
          "margin": 0,
          "minHeight": 0,
          "minWidth": 0,
          "padding": 0,
          "position": "relative",
          "width": 4,
          "zIndex": 0,
        }
      }
    />
  </div>
  <div
    className=""
    style={
      {
        "alignItems": "center",
        "borderStyle": "solid",
        "borderWidth": 0,
        "boxSizing": "border-box",
        "display": "flex",
        "flexDirection": "row",
        "margin": 0,
        "marginBottom": 6,
        "minHeight": 0,
        "minWidth": 0,
        "padding": 0,
        "position": "relative",
        "zIndex": 0,
      }
    }
  >
    <div
      className=""
      style={
        {
          "alignItems": "stretch",
          "borderStyle": "solid",
          "borderWidth": 0,
          "boxSizing": "border-box",
          "display": "flex",
          "flexDirection": "column",
          "margin": 0,
          "minHeight": 0,
          "minWidth": 0,
          "padding": 0,
          "position": "relative",
          "textAlign": "right",
          "width": 250,
          "zIndex": 0,
        }
      }
    >
      xxSmall_6
      : 
      6
      px
    </div>
    <div
      className=""
      style={
        {
          "alignItems": "stretch",
          "borderStyle": "solid",
          "borderWidth": 0,
          "boxSizing": "border-box",
          "display": "flex",
          "flexDirection": "column",
          "margin": 0,
          "minHeight": 0,
          "minWidth": 0,
          "padding": 0,
          "position": "relative",
          "width": 8,
          "zIndex": 0,
        }
      }
    />
    <div
      className=""
      style={
        {
          "alignItems": "stretch",
          "borderStyle": "solid",
          "borderWidth": 0,
          "boxSizing": "border-box",
          "display": "flex",
          "flexDirection": "column",
          "margin": 0,
          "minHeight": 0,
          "minWidth": 0,
          "padding": 0,
          "position": "relative",
          "width": 64,
          "zIndex": 0,
        }
      }
    >
      <div
        className=""
        style={
          {
            "alignItems": "stretch",
            "backgroundColor": "black",
            "borderStyle": "solid",
            "borderWidth": 0,
            "boxSizing": "border-box",
            "display": "flex",
            "flexDirection": "column",
            "height": 4,
            "margin": 0,
            "minHeight": 0,
            "minWidth": 0,
            "padding": 0,
            "position": "relative",
            "width": 6,
            "zIndex": 0,
          }
        }
      />
    </div>
    <div
      className=""
      style={
        {
          "alignItems": "stretch",
          "borderStyle": "solid",
          "borderWidth": 0,
          "boxSizing": "border-box",
          "display": "flex",
          "flexDirection": "column",
          "margin": 0,
          "minHeight": 0,
          "minWidth": 0,
          "padding": 0,
          "position": "relative",
          "width": 8,
          "zIndex": 0,
        }
      }
    />
    <div
      className=""
      style={
        {
          "alignItems": "stretch",
          "backgroundColor": "black",
          "borderStyle": "solid",
          "borderWidth": 0,
          "boxSizing": "border-box",
          "display": "flex",
          "flexDirection": "column",
          "height": 6,
          "margin": 0,
          "minHeight": 0,
          "minWidth": 0,
          "padding": 0,
          "position": "relative",
          "width": 4,
          "zIndex": 0,
        }
      }
    />
  </div>
  <div
    className=""
    style={
      {
        "alignItems": "center",
        "borderStyle": "solid",
        "borderWidth": 0,
        "boxSizing": "border-box",
        "display": "flex",
        "flexDirection": "row",
        "margin": 0,
        "marginBottom": 6,
        "minHeight": 0,
        "minWidth": 0,
        "padding": 0,
        "position": "relative",
        "zIndex": 0,
      }
    }
  >
    <div
      className=""
      style={
        {
          "alignItems": "stretch",
          "borderStyle": "solid",
          "borderWidth": 0,
          "boxSizing": "border-box",
          "display": "flex",
          "flexDirection": "column",
          "margin": 0,
          "minHeight": 0,
          "minWidth": 0,
          "padding": 0,
          "position": "relative",
          "textAlign": "right",
          "width": 250,
          "zIndex": 0,
        }
      }
    >
      xSmall_8
      : 
      8
      px
    </div>
    <div
      className=""
      style={
        {
          "alignItems": "stretch",
          "borderStyle": "solid",
          "borderWidth": 0,
          "boxSizing": "border-box",
          "display": "flex",
          "flexDirection": "column",
          "margin": 0,
          "minHeight": 0,
          "minWidth": 0,
          "padding": 0,
          "position": "relative",
          "width": 8,
          "zIndex": 0,
        }
      }
    />
    <div
      className=""
      style={
        {
          "alignItems": "stretch",
          "borderStyle": "solid",
          "borderWidth": 0,
          "boxSizing": "border-box",
          "display": "flex",
          "flexDirection": "column",
          "margin": 0,
          "minHeight": 0,
          "minWidth": 0,
          "padding": 0,
          "position": "relative",
          "width": 64,
          "zIndex": 0,
        }
      }
    >
      <div
        className=""
        style={
          {
            "alignItems": "stretch",
            "backgroundColor": "black",
            "borderStyle": "solid",
            "borderWidth": 0,
            "boxSizing": "border-box",
            "display": "flex",
            "flexDirection": "column",
            "height": 4,
            "margin": 0,
            "minHeight": 0,
            "minWidth": 0,
            "padding": 0,
            "position": "relative",
            "width": 8,
            "zIndex": 0,
          }
        }
      />
    </div>
    <div
      className=""
      style={
        {
          "alignItems": "stretch",
          "borderStyle": "solid",
          "borderWidth": 0,
          "boxSizing": "border-box",
          "display": "flex",
          "flexDirection": "column",
          "margin": 0,
          "minHeight": 0,
          "minWidth": 0,
          "padding": 0,
          "position": "relative",
          "width": 8,
          "zIndex": 0,
        }
      }
    />
    <div
      className=""
      style={
        {
          "alignItems": "stretch",
          "backgroundColor": "black",
          "borderStyle": "solid",
          "borderWidth": 0,
          "boxSizing": "border-box",
          "display": "flex",
          "flexDirection": "column",
          "height": 8,
          "margin": 0,
          "minHeight": 0,
          "minWidth": 0,
          "padding": 0,
          "position": "relative",
          "width": 4,
          "zIndex": 0,
        }
      }
    />
  </div>
  <div
    className=""
    style={
      {
        "alignItems": "center",
        "borderStyle": "solid",
        "borderWidth": 0,
        "boxSizing": "border-box",
        "display": "flex",
        "flexDirection": "row",
        "margin": 0,
        "marginBottom": 6,
        "minHeight": 0,
        "minWidth": 0,
        "padding": 0,
        "position": "relative",
        "zIndex": 0,
      }
    }
  >
    <div
      className=""
      style={
        {
          "alignItems": "stretch",
          "borderStyle": "solid",
          "borderWidth": 0,
          "boxSizing": "border-box",
          "display": "flex",
          "flexDirection": "column",
          "margin": 0,
          "minHeight": 0,
          "minWidth": 0,
          "padding": 0,
          "position": "relative",
          "textAlign": "right",
          "width": 250,
          "zIndex": 0,
        }
      }
    >
      small_12
      : 
      12
      px
    </div>
    <div
      className=""
      style={
        {
          "alignItems": "stretch",
          "borderStyle": "solid",
          "borderWidth": 0,
          "boxSizing": "border-box",
          "display": "flex",
          "flexDirection": "column",
          "margin": 0,
          "minHeight": 0,
          "minWidth": 0,
          "padding": 0,
          "position": "relative",
          "width": 8,
          "zIndex": 0,
        }
      }
    />
    <div
      className=""
      style={
        {
          "alignItems": "stretch",
          "borderStyle": "solid",
          "borderWidth": 0,
          "boxSizing": "border-box",
          "display": "flex",
          "flexDirection": "column",
          "margin": 0,
          "minHeight": 0,
          "minWidth": 0,
          "padding": 0,
          "position": "relative",
          "width": 64,
          "zIndex": 0,
        }
      }
    >
      <div
        className=""
        style={
          {
            "alignItems": "stretch",
            "backgroundColor": "black",
            "borderStyle": "solid",
            "borderWidth": 0,
            "boxSizing": "border-box",
            "display": "flex",
            "flexDirection": "column",
            "height": 4,
            "margin": 0,
            "minHeight": 0,
            "minWidth": 0,
            "padding": 0,
            "position": "relative",
            "width": 12,
            "zIndex": 0,
          }
        }
      />
    </div>
    <div
      className=""
      style={
        {
          "alignItems": "stretch",
          "borderStyle": "solid",
          "borderWidth": 0,
          "boxSizing": "border-box",
          "display": "flex",
          "flexDirection": "column",
          "margin": 0,
          "minHeight": 0,
          "minWidth": 0,
          "padding": 0,
          "position": "relative",
          "width": 8,
          "zIndex": 0,
        }
      }
    />
    <div
      className=""
      style={
        {
          "alignItems": "stretch",
          "backgroundColor": "black",
          "borderStyle": "solid",
          "borderWidth": 0,
          "boxSizing": "border-box",
          "display": "flex",
          "flexDirection": "column",
          "height": 12,
          "margin": 0,
          "minHeight": 0,
          "minWidth": 0,
          "padding": 0,
          "position": "relative",
          "width": 4,
          "zIndex": 0,
        }
      }
    />
  </div>
  <div
    className=""
    style={
      {
        "alignItems": "center",
        "borderStyle": "solid",
        "borderWidth": 0,
        "boxSizing": "border-box",
        "display": "flex",
        "flexDirection": "row",
        "margin": 0,
        "marginBottom": 6,
        "minHeight": 0,
        "minWidth": 0,
        "padding": 0,
        "position": "relative",
        "zIndex": 0,
      }
    }
  >
    <div
      className=""
      style={
        {
          "alignItems": "stretch",
          "borderStyle": "solid",
          "borderWidth": 0,
          "boxSizing": "border-box",
          "display": "flex",
          "flexDirection": "column",
          "margin": 0,
          "minHeight": 0,
          "minWidth": 0,
          "padding": 0,
          "position": "relative",
          "textAlign": "right",
          "width": 250,
          "zIndex": 0,
        }
      }
    >
      medium_16
      : 
      16
      px
    </div>
    <div
      className=""
      style={
        {
          "alignItems": "stretch",
          "borderStyle": "solid",
          "borderWidth": 0,
          "boxSizing": "border-box",
          "display": "flex",
          "flexDirection": "column",
          "margin": 0,
          "minHeight": 0,
          "minWidth": 0,
          "padding": 0,
          "position": "relative",
          "width": 8,
          "zIndex": 0,
        }
      }
    />
    <div
      className=""
      style={
        {
          "alignItems": "stretch",
          "borderStyle": "solid",
          "borderWidth": 0,
          "boxSizing": "border-box",
          "display": "flex",
          "flexDirection": "column",
          "margin": 0,
          "minHeight": 0,
          "minWidth": 0,
          "padding": 0,
          "position": "relative",
          "width": 64,
          "zIndex": 0,
        }
      }
    >
      <div
        className=""
        style={
          {
            "alignItems": "stretch",
            "backgroundColor": "black",
            "borderStyle": "solid",
            "borderWidth": 0,
            "boxSizing": "border-box",
            "display": "flex",
            "flexDirection": "column",
            "height": 4,
            "margin": 0,
            "minHeight": 0,
            "minWidth": 0,
            "padding": 0,
            "position": "relative",
            "width": 16,
            "zIndex": 0,
          }
        }
      />
    </div>
    <div
      className=""
      style={
        {
          "alignItems": "stretch",
          "borderStyle": "solid",
          "borderWidth": 0,
          "boxSizing": "border-box",
          "display": "flex",
          "flexDirection": "column",
          "margin": 0,
          "minHeight": 0,
          "minWidth": 0,
          "padding": 0,
          "position": "relative",
          "width": 8,
          "zIndex": 0,
        }
      }
    />
    <div
      className=""
      style={
        {
          "alignItems": "stretch",
          "backgroundColor": "black",
          "borderStyle": "solid",
          "borderWidth": 0,
          "boxSizing": "border-box",
          "display": "flex",
          "flexDirection": "column",
          "height": 16,
          "margin": 0,
          "minHeight": 0,
          "minWidth": 0,
          "padding": 0,
          "position": "relative",
          "width": 4,
          "zIndex": 0,
        }
      }
    />
  </div>
  <div
    className=""
    style={
      {
        "alignItems": "center",
        "borderStyle": "solid",
        "borderWidth": 0,
        "boxSizing": "border-box",
        "display": "flex",
        "flexDirection": "row",
        "margin": 0,
        "marginBottom": 6,
        "minHeight": 0,
        "minWidth": 0,
        "padding": 0,
        "position": "relative",
        "zIndex": 0,
      }
    }
  >
    <div
      className=""
      style={
        {
          "alignItems": "stretch",
          "borderStyle": "solid",
          "borderWidth": 0,
          "boxSizing": "border-box",
          "display": "flex",
          "flexDirection": "column",
          "margin": 0,
          "minHeight": 0,
          "minWidth": 0,
          "padding": 0,
          "position": "relative",
          "textAlign": "right",
          "width": 250,
          "zIndex": 0,
        }
      }
    >
      large_24
      : 
      24
      px
    </div>
    <div
      className=""
      style={
        {
          "alignItems": "stretch",
          "borderStyle": "solid",
          "borderWidth": 0,
          "boxSizing": "border-box",
          "display": "flex",
          "flexDirection": "column",
          "margin": 0,
          "minHeight": 0,
          "minWidth": 0,
          "padding": 0,
          "position": "relative",
          "width": 8,
          "zIndex": 0,
        }
      }
    />
    <div
      className=""
      style={
        {
          "alignItems": "stretch",
          "borderStyle": "solid",
          "borderWidth": 0,
          "boxSizing": "border-box",
          "display": "flex",
          "flexDirection": "column",
          "margin": 0,
          "minHeight": 0,
          "minWidth": 0,
          "padding": 0,
          "position": "relative",
          "width": 64,
          "zIndex": 0,
        }
      }
    >
      <div
        className=""
        style={
          {
            "alignItems": "stretch",
            "backgroundColor": "black",
            "borderStyle": "solid",
            "borderWidth": 0,
            "boxSizing": "border-box",
            "display": "flex",
            "flexDirection": "column",
            "height": 4,
            "margin": 0,
            "minHeight": 0,
            "minWidth": 0,
            "padding": 0,
            "position": "relative",
            "width": 24,
            "zIndex": 0,
          }
        }
      />
    </div>
    <div
      className=""
      style={
        {
          "alignItems": "stretch",
          "borderStyle": "solid",
          "borderWidth": 0,
          "boxSizing": "border-box",
          "display": "flex",
          "flexDirection": "column",
          "margin": 0,
          "minHeight": 0,
          "minWidth": 0,
          "padding": 0,
          "position": "relative",
          "width": 8,
          "zIndex": 0,
        }
      }
    />
    <div
      className=""
      style={
        {
          "alignItems": "stretch",
          "backgroundColor": "black",
          "borderStyle": "solid",
          "borderWidth": 0,
          "boxSizing": "border-box",
          "display": "flex",
          "flexDirection": "column",
          "height": 24,
          "margin": 0,
          "minHeight": 0,
          "minWidth": 0,
          "padding": 0,
          "position": "relative",
          "width": 4,
          "zIndex": 0,
        }
      }
    />
  </div>
  <div
    className=""
    style={
      {
        "alignItems": "center",
        "borderStyle": "solid",
        "borderWidth": 0,
        "boxSizing": "border-box",
        "display": "flex",
        "flexDirection": "row",
        "margin": 0,
        "marginBottom": 6,
        "minHeight": 0,
        "minWidth": 0,
        "padding": 0,
        "position": "relative",
        "zIndex": 0,
      }
    }
  >
    <div
      className=""
      style={
        {
          "alignItems": "stretch",
          "borderStyle": "solid",
          "borderWidth": 0,
          "boxSizing": "border-box",
          "display": "flex",
          "flexDirection": "column",
          "margin": 0,
          "minHeight": 0,
          "minWidth": 0,
          "padding": 0,
          "position": "relative",
          "textAlign": "right",
          "width": 250,
          "zIndex": 0,
        }
      }
    >
      xLarge_32
      : 
      32
      px
    </div>
    <div
      className=""
      style={
        {
          "alignItems": "stretch",
          "borderStyle": "solid",
          "borderWidth": 0,
          "boxSizing": "border-box",
          "display": "flex",
          "flexDirection": "column",
          "margin": 0,
          "minHeight": 0,
          "minWidth": 0,
          "padding": 0,
          "position": "relative",
          "width": 8,
          "zIndex": 0,
        }
      }
    />
    <div
      className=""
      style={
        {
          "alignItems": "stretch",
          "borderStyle": "solid",
          "borderWidth": 0,
          "boxSizing": "border-box",
          "display": "flex",
          "flexDirection": "column",
          "margin": 0,
          "minHeight": 0,
          "minWidth": 0,
          "padding": 0,
          "position": "relative",
          "width": 64,
          "zIndex": 0,
        }
      }
    >
      <div
        className=""
        style={
          {
            "alignItems": "stretch",
            "backgroundColor": "black",
            "borderStyle": "solid",
            "borderWidth": 0,
            "boxSizing": "border-box",
            "display": "flex",
            "flexDirection": "column",
            "height": 4,
            "margin": 0,
            "minHeight": 0,
            "minWidth": 0,
            "padding": 0,
            "position": "relative",
            "width": 32,
            "zIndex": 0,
          }
        }
      />
    </div>
    <div
      className=""
      style={
        {
          "alignItems": "stretch",
          "borderStyle": "solid",
          "borderWidth": 0,
          "boxSizing": "border-box",
          "display": "flex",
          "flexDirection": "column",
          "margin": 0,
          "minHeight": 0,
          "minWidth": 0,
          "padding": 0,
          "position": "relative",
          "width": 8,
          "zIndex": 0,
        }
      }
    />
    <div
      className=""
      style={
        {
          "alignItems": "stretch",
          "backgroundColor": "black",
          "borderStyle": "solid",
          "borderWidth": 0,
          "boxSizing": "border-box",
          "display": "flex",
          "flexDirection": "column",
          "height": 32,
          "margin": 0,
          "minHeight": 0,
          "minWidth": 0,
          "padding": 0,
          "position": "relative",
          "width": 4,
          "zIndex": 0,
        }
      }
    />
  </div>
  <div
    className=""
    style={
      {
        "alignItems": "center",
        "borderStyle": "solid",
        "borderWidth": 0,
        "boxSizing": "border-box",
        "display": "flex",
        "flexDirection": "row",
        "margin": 0,
        "marginBottom": 6,
        "minHeight": 0,
        "minWidth": 0,
        "padding": 0,
        "position": "relative",
        "zIndex": 0,
      }
    }
  >
    <div
      className=""
      style={
        {
          "alignItems": "stretch",
          "borderStyle": "solid",
          "borderWidth": 0,
          "boxSizing": "border-box",
          "display": "flex",
          "flexDirection": "column",
          "margin": 0,
          "minHeight": 0,
          "minWidth": 0,
          "padding": 0,
          "position": "relative",
          "textAlign": "right",
          "width": 250,
          "zIndex": 0,
        }
      }
    >
      xxLarge_48
      : 
      48
      px
    </div>
    <div
      className=""
      style={
        {
          "alignItems": "stretch",
          "borderStyle": "solid",
          "borderWidth": 0,
          "boxSizing": "border-box",
          "display": "flex",
          "flexDirection": "column",
          "margin": 0,
          "minHeight": 0,
          "minWidth": 0,
          "padding": 0,
          "position": "relative",
          "width": 8,
          "zIndex": 0,
        }
      }
    />
    <div
      className=""
      style={
        {
          "alignItems": "stretch",
          "borderStyle": "solid",
          "borderWidth": 0,
          "boxSizing": "border-box",
          "display": "flex",
          "flexDirection": "column",
          "margin": 0,
          "minHeight": 0,
          "minWidth": 0,
          "padding": 0,
          "position": "relative",
          "width": 64,
          "zIndex": 0,
        }
      }
    >
      <div
        className=""
        style={
          {
            "alignItems": "stretch",
            "backgroundColor": "black",
            "borderStyle": "solid",
            "borderWidth": 0,
            "boxSizing": "border-box",
            "display": "flex",
            "flexDirection": "column",
            "height": 4,
            "margin": 0,
            "minHeight": 0,
            "minWidth": 0,
            "padding": 0,
            "position": "relative",
            "width": 48,
            "zIndex": 0,
          }
        }
      />
    </div>
    <div
      className=""
      style={
        {
          "alignItems": "stretch",
          "borderStyle": "solid",
          "borderWidth": 0,
          "boxSizing": "border-box",
          "display": "flex",
          "flexDirection": "column",
          "margin": 0,
          "minHeight": 0,
          "minWidth": 0,
          "padding": 0,
          "position": "relative",
          "width": 8,
          "zIndex": 0,
        }
      }
    />
    <div
      className=""
      style={
        {
          "alignItems": "stretch",
          "backgroundColor": "black",
          "borderStyle": "solid",
          "borderWidth": 0,
          "boxSizing": "border-box",
          "display": "flex",
          "flexDirection": "column",
          "height": 48,
          "margin": 0,
          "minHeight": 0,
          "minWidth": 0,
          "padding": 0,
          "position": "relative",
          "width": 4,
          "zIndex": 0,
        }
      }
    />
  </div>
  <div
    className=""
    style={
      {
        "alignItems": "center",
        "borderStyle": "solid",
        "borderWidth": 0,
        "boxSizing": "border-box",
        "display": "flex",
        "flexDirection": "row",
        "margin": 0,
        "marginBottom": 6,
        "minHeight": 0,
        "minWidth": 0,
        "padding": 0,
        "position": "relative",
        "zIndex": 0,
      }
    }
  >
    <div
      className=""
      style={
        {
          "alignItems": "stretch",
          "borderStyle": "solid",
          "borderWidth": 0,
          "boxSizing": "border-box",
          "display": "flex",
          "flexDirection": "column",
          "margin": 0,
          "minHeight": 0,
          "minWidth": 0,
          "padding": 0,
          "position": "relative",
          "textAlign": "right",
          "width": 250,
          "zIndex": 0,
        }
      }
    >
      xxxLarge_64
      : 
      64
      px
    </div>
    <div
      className=""
      style={
        {
          "alignItems": "stretch",
          "borderStyle": "solid",
          "borderWidth": 0,
          "boxSizing": "border-box",
          "display": "flex",
          "flexDirection": "column",
          "margin": 0,
          "minHeight": 0,
          "minWidth": 0,
          "padding": 0,
          "position": "relative",
          "width": 8,
          "zIndex": 0,
        }
      }
    />
    <div
      className=""
      style={
        {
          "alignItems": "stretch",
          "borderStyle": "solid",
          "borderWidth": 0,
          "boxSizing": "border-box",
          "display": "flex",
          "flexDirection": "column",
          "margin": 0,
          "minHeight": 0,
          "minWidth": 0,
          "padding": 0,
          "position": "relative",
          "width": 64,
          "zIndex": 0,
        }
      }
    >
      <div
        className=""
        style={
          {
            "alignItems": "stretch",
            "backgroundColor": "black",
            "borderStyle": "solid",
            "borderWidth": 0,
            "boxSizing": "border-box",
            "display": "flex",
            "flexDirection": "column",
            "height": 4,
            "margin": 0,
            "minHeight": 0,
            "minWidth": 0,
            "padding": 0,
            "position": "relative",
            "width": 64,
            "zIndex": 0,
          }
        }
      />
    </div>
    <div
      className=""
      style={
        {
          "alignItems": "stretch",
          "borderStyle": "solid",
          "borderWidth": 0,
          "boxSizing": "border-box",
          "display": "flex",
          "flexDirection": "column",
          "margin": 0,
          "minHeight": 0,
          "minWidth": 0,
          "padding": 0,
          "position": "relative",
          "width": 8,
          "zIndex": 0,
        }
      }
    />
    <div
      className=""
      style={
        {
          "alignItems": "stretch",
          "backgroundColor": "black",
          "borderStyle": "solid",
          "borderWidth": 0,
          "boxSizing": "border-box",
          "display": "flex",
          "flexDirection": "column",
          "height": 64,
          "margin": 0,
          "minHeight": 0,
          "minWidth": 0,
          "padding": 0,
          "position": "relative",
          "width": 4,
          "zIndex": 0,
        }
      }
    />
  </div>
</div>
`;
