// Jest Snapshot v1, https://goo.gl/fbAQLP

exports[`wonder-blocks-color example 1 1`] = `
<div>
  <div
    style={
      Object {
        "alignItems": "center",
        "display": "flex",
        "minHeight": 40,
      }
    }
  >
    <div
      style={
        Object {
          "paddingRight": 10,
          "textAlign": "right",
          "width": 250,
        }
      }
    >
      blue
      :
    </div>
    <div
      style={
        Object {
          "backgroundColor": "#1865f2",
          "border": "1px solid #21242c",
          "height": 30,
          "marginRight": 10,
          "width": 30,
        }
      }
    />
    <div
      style={
        Object {
          "backgroundColor": "#ffffff",
          "color": "#1865f2",
          "padding": 10,
        }
      }
    >
      Hello world!
    </div>
    <div
      style={
        Object {
          "backgroundColor": "#f7f8fa",
          "color": "#1865f2",
          "padding": 10,
        }
      }
    >
      Hello world!
    </div>
    <div
      style={
        Object {
          "backgroundColor": "rgba(33,36,44,0.64)",
          "color": "#1865f2",
          "padding": 10,
        }
      }
    >
      Hello world!
    </div>
    <div
      style={
        Object {
          "backgroundColor": "#0a2a66",
          "color": "#1865f2",
          "padding": 10,
        }
      }
    >
      Hello world!
    </div>
  </div>
  <div
    style={
      Object {
        "alignItems": "center",
        "display": "flex",
        "minHeight": 40,
      }
    }
  >
    <div
      style={
        Object {
          "paddingRight": 10,
          "textAlign": "right",
          "width": 250,
        }
      }
    >
      green
      :
    </div>
    <div
      style={
        Object {
          "backgroundColor": "#00a60e",
          "border": "1px solid #21242c",
          "height": 30,
          "marginRight": 10,
          "width": 30,
        }
      }
    />
    <div
      style={
        Object {
          "backgroundColor": "#ffffff",
          "color": "#00a60e",
          "padding": 10,
        }
      }
    >
      Hello world!
    </div>
    <div
      style={
        Object {
          "backgroundColor": "#f7f8fa",
          "color": "#00a60e",
          "padding": 10,
        }
      }
    >
      Hello world!
    </div>
    <div
      style={
        Object {
          "backgroundColor": "rgba(33,36,44,0.64)",
          "color": "#00a60e",
          "padding": 10,
        }
      }
    >
      Hello world!
    </div>
    <div
      style={
        Object {
          "backgroundColor": "#0a2a66",
          "color": "#00a60e",
          "padding": 10,
        }
      }
    >
      Hello world!
    </div>
  </div>
  <div
    style={
      Object {
        "alignItems": "center",
        "display": "flex",
        "minHeight": 40,
      }
    }
  >
    <div
      style={
        Object {
          "paddingRight": 10,
          "textAlign": "right",
          "width": 250,
        }
      }
    >
      gold
      :
    </div>
    <div
      style={
        Object {
          "backgroundColor": "#ffb100",
          "border": "1px solid #21242c",
          "height": 30,
          "marginRight": 10,
          "width": 30,
        }
      }
    />
    <div
      style={
        Object {
          "backgroundColor": "#ffffff",
          "color": "#ffb100",
          "padding": 10,
        }
      }
    >
      Hello world!
    </div>
    <div
      style={
        Object {
          "backgroundColor": "#f7f8fa",
          "color": "#ffb100",
          "padding": 10,
        }
      }
    >
      Hello world!
    </div>
    <div
      style={
        Object {
          "backgroundColor": "rgba(33,36,44,0.64)",
          "color": "#ffb100",
          "padding": 10,
        }
      }
    >
      Hello world!
    </div>
    <div
      style={
        Object {
          "backgroundColor": "#0a2a66",
          "color": "#ffb100",
          "padding": 10,
        }
      }
    >
      Hello world!
    </div>
  </div>
  <div
    style={
      Object {
        "alignItems": "center",
        "display": "flex",
        "minHeight": 40,
      }
    }
  >
    <div
      style={
        Object {
          "paddingRight": 10,
          "textAlign": "right",
          "width": 250,
        }
      }
    >
      red
      :
    </div>
    <div
      style={
        Object {
          "backgroundColor": "#d92916",
          "border": "1px solid #21242c",
          "height": 30,
          "marginRight": 10,
          "width": 30,
        }
      }
    />
    <div
      style={
        Object {
          "backgroundColor": "#ffffff",
          "color": "#d92916",
          "padding": 10,
        }
      }
    >
      Hello world!
    </div>
    <div
      style={
        Object {
          "backgroundColor": "#f7f8fa",
          "color": "#d92916",
          "padding": 10,
        }
      }
    >
      Hello world!
    </div>
    <div
      style={
        Object {
          "backgroundColor": "rgba(33,36,44,0.64)",
          "color": "#d92916",
          "padding": 10,
        }
      }
    >
      Hello world!
    </div>
    <div
      style={
        Object {
          "backgroundColor": "#0a2a66",
          "color": "#d92916",
          "padding": 10,
        }
      }
    >
      Hello world!
    </div>
  </div>
  <div
    style={
      Object {
        "alignItems": "center",
        "display": "flex",
        "minHeight": 40,
      }
    }
  >
    <div
      style={
        Object {
          "paddingRight": 10,
          "textAlign": "right",
          "width": 250,
        }
      }
    >
      offBlack
      :
    </div>
    <div
      style={
        Object {
          "backgroundColor": "#21242c",
          "border": "1px solid #21242c",
          "height": 30,
          "marginRight": 10,
          "width": 30,
        }
      }
    />
    <div
      style={
        Object {
          "backgroundColor": "#ffffff",
          "color": "#21242c",
          "padding": 10,
        }
      }
    >
      Hello world!
    </div>
    <div
      style={
        Object {
          "backgroundColor": "#f7f8fa",
          "color": "#21242c",
          "padding": 10,
        }
      }
    >
      Hello world!
    </div>
    <div
      style={
        Object {
          "backgroundColor": "rgba(33,36,44,0.64)",
          "color": "#21242c",
          "padding": 10,
        }
      }
    >
      Hello world!
    </div>
    <div
      style={
        Object {
          "backgroundColor": "#0a2a66",
          "color": "#21242c",
          "padding": 10,
        }
      }
    >
      Hello world!
    </div>
  </div>
  <div
    style={
      Object {
        "alignItems": "center",
        "display": "flex",
        "minHeight": 40,
      }
    }
  >
    <div
      style={
        Object {
          "paddingRight": 10,
          "textAlign": "right",
          "width": 250,
        }
      }
    >
      offBlack64
      :
    </div>
    <div
      style={
        Object {
          "backgroundColor": "rgba(33,36,44,0.64)",
          "border": "1px solid #21242c",
          "height": 30,
          "marginRight": 10,
          "width": 30,
        }
      }
    />
    <div
      style={
        Object {
          "backgroundColor": "#ffffff",
          "color": "rgba(33,36,44,0.64)",
          "padding": 10,
        }
      }
    >
      Hello world!
    </div>
    <div
      style={
        Object {
          "backgroundColor": "#f7f8fa",
          "color": "rgba(33,36,44,0.64)",
          "padding": 10,
        }
      }
    >
      Hello world!
    </div>
    <div
      style={
        Object {
          "backgroundColor": "rgba(33,36,44,0.64)",
          "color": "rgba(33,36,44,0.64)",
          "padding": 10,
        }
      }
    >
      Hello world!
    </div>
    <div
      style={
        Object {
          "backgroundColor": "#0a2a66",
          "color": "rgba(33,36,44,0.64)",
          "padding": 10,
        }
      }
    >
      Hello world!
    </div>
  </div>
  <div
    style={
      Object {
        "alignItems": "center",
        "display": "flex",
        "minHeight": 40,
      }
    }
  >
    <div
      style={
        Object {
          "paddingRight": 10,
          "textAlign": "right",
          "width": 250,
        }
      }
    >
      offBlack50
      :
    </div>
    <div
      style={
        Object {
          "backgroundColor": "rgba(33,36,44,0.50)",
          "border": "1px solid #21242c",
          "height": 30,
          "marginRight": 10,
          "width": 30,
        }
      }
    />
    <div
      style={
        Object {
          "backgroundColor": "#ffffff",
          "color": "rgba(33,36,44,0.50)",
          "padding": 10,
        }
      }
    >
      Hello world!
    </div>
    <div
      style={
        Object {
          "backgroundColor": "#f7f8fa",
          "color": "rgba(33,36,44,0.50)",
          "padding": 10,
        }
      }
    >
      Hello world!
    </div>
    <div
      style={
        Object {
          "backgroundColor": "rgba(33,36,44,0.64)",
          "color": "rgba(33,36,44,0.50)",
          "padding": 10,
        }
      }
    >
      Hello world!
    </div>
    <div
      style={
        Object {
          "backgroundColor": "#0a2a66",
          "color": "rgba(33,36,44,0.50)",
          "padding": 10,
        }
      }
    >
      Hello world!
    </div>
  </div>
  <div
    style={
      Object {
        "alignItems": "center",
        "display": "flex",
        "minHeight": 40,
      }
    }
  >
    <div
      style={
        Object {
          "paddingRight": 10,
          "textAlign": "right",
          "width": 250,
        }
      }
    >
      offBlack32
      :
    </div>
    <div
      style={
        Object {
          "backgroundColor": "rgba(33,36,44,0.32)",
          "border": "1px solid #21242c",
          "height": 30,
          "marginRight": 10,
          "width": 30,
        }
      }
    />
    <div
      style={
        Object {
          "backgroundColor": "#ffffff",
          "color": "rgba(33,36,44,0.32)",
          "padding": 10,
        }
      }
    >
      Hello world!
    </div>
    <div
      style={
        Object {
          "backgroundColor": "#f7f8fa",
          "color": "rgba(33,36,44,0.32)",
          "padding": 10,
        }
      }
    >
      Hello world!
    </div>
    <div
      style={
        Object {
          "backgroundColor": "rgba(33,36,44,0.64)",
          "color": "rgba(33,36,44,0.32)",
          "padding": 10,
        }
      }
    >
      Hello world!
    </div>
    <div
      style={
        Object {
          "backgroundColor": "#0a2a66",
          "color": "rgba(33,36,44,0.32)",
          "padding": 10,
        }
      }
    >
      Hello world!
    </div>
  </div>
  <div
    style={
      Object {
        "alignItems": "center",
        "display": "flex",
        "minHeight": 40,
      }
    }
  >
    <div
      style={
        Object {
          "paddingRight": 10,
          "textAlign": "right",
          "width": 250,
        }
      }
    >
      offBlack16
      :
    </div>
    <div
      style={
        Object {
          "backgroundColor": "rgba(33,36,44,0.16)",
          "border": "1px solid #21242c",
          "height": 30,
          "marginRight": 10,
          "width": 30,
        }
      }
    />
    <div
      style={
        Object {
          "backgroundColor": "#ffffff",
          "color": "rgba(33,36,44,0.16)",
          "padding": 10,
        }
      }
    >
      Hello world!
    </div>
    <div
      style={
        Object {
          "backgroundColor": "#f7f8fa",
          "color": "rgba(33,36,44,0.16)",
          "padding": 10,
        }
      }
    >
      Hello world!
    </div>
    <div
      style={
        Object {
          "backgroundColor": "rgba(33,36,44,0.64)",
          "color": "rgba(33,36,44,0.16)",
          "padding": 10,
        }
      }
    >
      Hello world!
    </div>
    <div
      style={
        Object {
          "backgroundColor": "#0a2a66",
          "color": "rgba(33,36,44,0.16)",
          "padding": 10,
        }
      }
    >
      Hello world!
    </div>
  </div>
  <div
    style={
      Object {
        "alignItems": "center",
        "display": "flex",
        "minHeight": 40,
      }
    }
  >
    <div
      style={
        Object {
          "paddingRight": 10,
          "textAlign": "right",
          "width": 250,
        }
      }
    >
      offBlack8
      :
    </div>
    <div
      style={
        Object {
          "backgroundColor": "rgba(33,36,44,0.08)",
          "border": "1px solid #21242c",
          "height": 30,
          "marginRight": 10,
          "width": 30,
        }
      }
    />
    <div
      style={
        Object {
          "backgroundColor": "#ffffff",
          "color": "rgba(33,36,44,0.08)",
          "padding": 10,
        }
      }
    >
      Hello world!
    </div>
    <div
      style={
        Object {
          "backgroundColor": "#f7f8fa",
          "color": "rgba(33,36,44,0.08)",
          "padding": 10,
        }
      }
    >
      Hello world!
    </div>
    <div
      style={
        Object {
          "backgroundColor": "rgba(33,36,44,0.64)",
          "color": "rgba(33,36,44,0.08)",
          "padding": 10,
        }
      }
    >
      Hello world!
    </div>
    <div
      style={
        Object {
          "backgroundColor": "#0a2a66",
          "color": "rgba(33,36,44,0.08)",
          "padding": 10,
        }
      }
    >
      Hello world!
    </div>
  </div>
  <div
    style={
      Object {
        "alignItems": "center",
        "display": "flex",
        "minHeight": 40,
      }
    }
  >
    <div
      style={
        Object {
          "paddingRight": 10,
          "textAlign": "right",
          "width": 250,
        }
      }
    >
      offWhite
      :
    </div>
    <div
      style={
        Object {
          "backgroundColor": "#f7f8fa",
          "border": "1px solid #21242c",
          "height": 30,
          "marginRight": 10,
          "width": 30,
        }
      }
    />
    <div
      style={
        Object {
          "backgroundColor": "#ffffff",
          "color": "#f7f8fa",
          "padding": 10,
        }
      }
    >
      Hello world!
    </div>
    <div
      style={
        Object {
          "backgroundColor": "#f7f8fa",
          "color": "#f7f8fa",
          "padding": 10,
        }
      }
    >
      Hello world!
    </div>
    <div
      style={
        Object {
          "backgroundColor": "rgba(33,36,44,0.64)",
          "color": "#f7f8fa",
          "padding": 10,
        }
      }
    >
      Hello world!
    </div>
    <div
      style={
        Object {
          "backgroundColor": "#0a2a66",
          "color": "#f7f8fa",
          "padding": 10,
        }
      }
    >
      Hello world!
    </div>
  </div>
  <div
    style={
      Object {
        "alignItems": "center",
        "display": "flex",
        "minHeight": 40,
      }
    }
  >
    <div
      style={
        Object {
          "paddingRight": 10,
          "textAlign": "right",
          "width": 250,
        }
      }
    >
      white
      :
    </div>
    <div
      style={
        Object {
          "backgroundColor": "#ffffff",
          "border": "1px solid #21242c",
          "height": 30,
          "marginRight": 10,
          "width": 30,
        }
      }
    />
    <div
      style={
        Object {
          "backgroundColor": "#ffffff",
          "color": "#ffffff",
          "padding": 10,
        }
      }
    >
      Hello world!
    </div>
    <div
      style={
        Object {
          "backgroundColor": "#f7f8fa",
          "color": "#ffffff",
          "padding": 10,
        }
      }
    >
      Hello world!
    </div>
    <div
      style={
        Object {
          "backgroundColor": "rgba(33,36,44,0.64)",
          "color": "#ffffff",
          "padding": 10,
        }
      }
    >
      Hello world!
    </div>
    <div
      style={
        Object {
          "backgroundColor": "#0a2a66",
          "color": "#ffffff",
          "padding": 10,
        }
      }
    >
      Hello world!
    </div>
  </div>
  <div
    style={
      Object {
        "alignItems": "center",
        "display": "flex",
        "minHeight": 40,
      }
    }
  >
    <div
      style={
        Object {
          "paddingRight": 10,
          "textAlign": "right",
          "width": 250,
        }
      }
    >
      white64
      :
    </div>
    <div
      style={
        Object {
          "backgroundColor": "rgba(255,255,255,0.64)",
          "border": "1px solid #21242c",
          "height": 30,
          "marginRight": 10,
          "width": 30,
        }
      }
    />
    <div
      style={
        Object {
          "backgroundColor": "#ffffff",
          "color": "rgba(255,255,255,0.64)",
          "padding": 10,
        }
      }
    >
      Hello world!
    </div>
    <div
      style={
        Object {
          "backgroundColor": "#f7f8fa",
          "color": "rgba(255,255,255,0.64)",
          "padding": 10,
        }
      }
    >
      Hello world!
    </div>
    <div
      style={
        Object {
          "backgroundColor": "rgba(33,36,44,0.64)",
          "color": "rgba(255,255,255,0.64)",
          "padding": 10,
        }
      }
    >
      Hello world!
    </div>
    <div
      style={
        Object {
          "backgroundColor": "#0a2a66",
          "color": "rgba(255,255,255,0.64)",
          "padding": 10,
        }
      }
    >
      Hello world!
    </div>
  </div>
  <div
    style={
      Object {
        "alignItems": "center",
        "display": "flex",
        "minHeight": 40,
      }
    }
  >
    <div
      style={
        Object {
          "paddingRight": 10,
          "textAlign": "right",
          "width": 250,
        }
      }
    >
      darkBlue
      :
    </div>
    <div
      style={
        Object {
          "backgroundColor": "#0a2a66",
          "border": "1px solid #21242c",
          "height": 30,
          "marginRight": 10,
          "width": 30,
        }
      }
    />
    <div
      style={
        Object {
          "backgroundColor": "#ffffff",
          "color": "#0a2a66",
          "padding": 10,
        }
      }
    >
      Hello world!
    </div>
    <div
      style={
        Object {
          "backgroundColor": "#f7f8fa",
          "color": "#0a2a66",
          "padding": 10,
        }
      }
    >
      Hello world!
    </div>
    <div
      style={
        Object {
          "backgroundColor": "rgba(33,36,44,0.64)",
          "color": "#0a2a66",
          "padding": 10,
        }
      }
    >
      Hello world!
    </div>
    <div
      style={
        Object {
          "backgroundColor": "#0a2a66",
          "color": "#0a2a66",
          "padding": 10,
        }
      }
    >
      Hello world!
    </div>
  </div>
  <div
    style={
      Object {
        "alignItems": "center",
        "display": "flex",
        "minHeight": 40,
      }
    }
  >
    <div
      style={
        Object {
          "paddingRight": 10,
          "textAlign": "right",
          "width": 250,
        }
      }
    >
      teal
      :
    </div>
    <div
      style={
        Object {
          "backgroundColor": "#00e5ae",
          "border": "1px solid #21242c",
          "height": 30,
          "marginRight": 10,
          "width": 30,
        }
      }
    />
    <div
      style={
        Object {
          "backgroundColor": "#ffffff",
          "color": "#00e5ae",
          "padding": 10,
        }
      }
    >
      Hello world!
    </div>
    <div
      style={
        Object {
          "backgroundColor": "#f7f8fa",
          "color": "#00e5ae",
          "padding": 10,
        }
      }
    >
      Hello world!
    </div>
    <div
      style={
        Object {
          "backgroundColor": "rgba(33,36,44,0.64)",
          "color": "#00e5ae",
          "padding": 10,
        }
      }
    >
      Hello world!
    </div>
    <div
      style={
        Object {
          "backgroundColor": "#0a2a66",
          "color": "#00e5ae",
          "padding": 10,
        }
      }
    >
      Hello world!
    </div>
  </div>
  <div
    style={
      Object {
        "alignItems": "center",
        "display": "flex",
        "minHeight": 40,
      }
    }
  >
    <div
      style={
        Object {
          "paddingRight": 10,
          "textAlign": "right",
          "width": 250,
        }
      }
    >
      lightBlue
      :
    </div>
    <div
      style={
        Object {
          "backgroundColor": "#37c5fd",
          "border": "1px solid #21242c",
          "height": 30,
          "marginRight": 10,
          "width": 30,
        }
      }
    />
    <div
      style={
        Object {
          "backgroundColor": "#ffffff",
          "color": "#37c5fd",
          "padding": 10,
        }
      }
    >
      Hello world!
    </div>
    <div
      style={
        Object {
          "backgroundColor": "#f7f8fa",
          "color": "#37c5fd",
          "padding": 10,
        }
      }
    >
      Hello world!
    </div>
    <div
      style={
        Object {
          "backgroundColor": "rgba(33,36,44,0.64)",
          "color": "#37c5fd",
          "padding": 10,
        }
      }
    >
      Hello world!
    </div>
    <div
      style={
        Object {
          "backgroundColor": "#0a2a66",
          "color": "#37c5fd",
          "padding": 10,
        }
      }
    >
      Hello world!
    </div>
  </div>
  <div
    style={
      Object {
        "alignItems": "center",
        "display": "flex",
        "minHeight": 40,
      }
    }
  >
    <div
      style={
        Object {
          "paddingRight": 10,
          "textAlign": "right",
          "width": 250,
        }
      }
    >
      pink
      :
    </div>
    <div
      style={
        Object {
          "backgroundColor": "#fa50ae",
          "border": "1px solid #21242c",
          "height": 30,
          "marginRight": 10,
          "width": 30,
        }
      }
    />
    <div
      style={
        Object {
          "backgroundColor": "#ffffff",
          "color": "#fa50ae",
          "padding": 10,
        }
      }
    >
      Hello world!
    </div>
    <div
      style={
        Object {
          "backgroundColor": "#f7f8fa",
          "color": "#fa50ae",
          "padding": 10,
        }
      }
    >
      Hello world!
    </div>
    <div
      style={
        Object {
          "backgroundColor": "rgba(33,36,44,0.64)",
          "color": "#fa50ae",
          "padding": 10,
        }
      }
    >
      Hello world!
    </div>
    <div
      style={
        Object {
          "backgroundColor": "#0a2a66",
          "color": "#fa50ae",
          "padding": 10,
        }
      }
    >
      Hello world!
    </div>
  </div>
</div>
`;

exports[`wonder-blocks-color example 2 1`] = `
<div>
  <p>
    Dynamically computed colors using the 
    <code>
      fade
    </code>
     and
     
    <code>
      mix
    </code>
     methods from the color utilities.
  </p>
  <div
    style={
      Object {
        "alignItems": "center",
        "display": "flex",
        "minHeight": 40,
      }
    }
  >
    <div
      style={
        Object {
          "paddingRight": 10,
          "textAlign": "right",
          "width": 250,
        }
      }
    >
      White
      :
    </div>
    <div
      style={
        Object {
          "backgroundColor": "#ffffff",
          "border": "1px solid #21242c",
          "height": 30,
          "marginRight": 10,
          "width": 30,
        }
      }
    />
    <div
      style={
        Object {
          "backgroundColor": "#ffffff",
          "color": "#ffffff",
          "padding": 10,
        }
      }
    >
      Hello world!
    </div>
    <div
      style={
        Object {
          "backgroundColor": "#f7f8fa",
          "color": "#ffffff",
          "padding": 10,
        }
      }
    >
      Hello world!
    </div>
    <div
      style={
        Object {
          "backgroundColor": "rgba(33,36,44,0.64)",
          "color": "#ffffff",
          "padding": 10,
        }
      }
    >
      Hello world!
    </div>
    <div
      style={
        Object {
          "backgroundColor": "#0a2a66",
          "color": "#ffffff",
          "padding": 10,
        }
      }
    >
      Hello world!
    </div>
  </div>
  <div
    style={
      Object {
        "alignItems": "center",
        "display": "flex",
        "minHeight": 40,
      }
    }
  >
    <div
      style={
        Object {
          "paddingRight": 10,
          "textAlign": "right",
          "width": 250,
        }
      }
    >
      White (Tinted) = White + 16% Tint
      :
    </div>
    <div
      style={
        Object {
          "backgroundColor": "#f9ddda",
          "border": "1px solid #21242c",
          "height": 30,
          "marginRight": 10,
          "width": 30,
        }
      }
    />
    <div
      style={
        Object {
          "backgroundColor": "#ffffff",
          "color": "#f9ddda",
          "padding": 10,
        }
      }
    >
      Hello world!
    </div>
    <div
      style={
        Object {
          "backgroundColor": "#f7f8fa",
          "color": "#f9ddda",
          "padding": 10,
        }
      }
    >
      Hello world!
    </div>
    <div
      style={
        Object {
          "backgroundColor": "rgba(33,36,44,0.64)",
          "color": "#f9ddda",
          "padding": 10,
        }
      }
    >
      Hello world!
    </div>
    <div
      style={
        Object {
          "backgroundColor": "#0a2a66",
          "color": "#f9ddda",
          "padding": 10,
        }
      }
    >
      Hello world!
    </div>
  </div>
  <div
    style={
      Object {
        "alignItems": "center",
        "display": "flex",
        "minHeight": 40,
      }
    }
  >
    <div
      style={
        Object {
          "paddingRight": 10,
          "textAlign": "right",
          "width": 250,
        }
      }
    >
      White (XTinted) = White + 32% Tint
      :
    </div>
    <div
      style={
        Object {
          "backgroundColor": "#f3bbb4",
          "border": "1px solid #21242c",
          "height": 30,
          "marginRight": 10,
          "width": 30,
        }
      }
    />
    <div
      style={
        Object {
          "backgroundColor": "#ffffff",
          "color": "#f3bbb4",
          "padding": 10,
        }
      }
    >
      Hello world!
    </div>
    <div
      style={
        Object {
          "backgroundColor": "#f7f8fa",
          "color": "#f3bbb4",
          "padding": 10,
        }
      }
    >
      Hello world!
    </div>
    <div
      style={
        Object {
          "backgroundColor": "rgba(33,36,44,0.64)",
          "color": "#f3bbb4",
          "padding": 10,
        }
      }
    >
      Hello world!
    </div>
    <div
      style={
        Object {
          "backgroundColor": "#0a2a66",
          "color": "#f3bbb4",
          "padding": 10,
        }
      }
    >
      Hello world!
    </div>
  </div>
  <div
    style={
      Object {
        "alignItems": "center",
        "display": "flex",
        "minHeight": 40,
      }
    }
  >
    <div
      style={
        Object {
          "paddingRight": 10,
          "textAlign": "right",
          "width": 250,
        }
      }
    >
      White (XXTinted) = White + 64% Tint
      :
    </div>
    <div
      style={
        Object {
          "backgroundColor": "#e7766a",
          "border": "1px solid #21242c",
          "height": 30,
          "marginRight": 10,
          "width": 30,
        }
      }
    />
    <div
      style={
        Object {
          "backgroundColor": "#ffffff",
          "color": "#e7766a",
          "padding": 10,
        }
      }
    >
      Hello world!
    </div>
    <div
      style={
        Object {
          "backgroundColor": "#f7f8fa",
          "color": "#e7766a",
          "padding": 10,
        }
      }
    >
      Hello world!
    </div>
    <div
      style={
        Object {
          "backgroundColor": "rgba(33,36,44,0.64)",
          "color": "#e7766a",
          "padding": 10,
        }
      }
    >
      Hello world!
    </div>
    <div
      style={
        Object {
          "backgroundColor": "#0a2a66",
          "color": "#e7766a",
          "padding": 10,
        }
      }
    >
      Hello world!
    </div>
  </div>
  <div
    style={
      Object {
        "alignItems": "center",
        "display": "flex",
        "minHeight": 40,
      }
    }
  >
    <div
      style={
        Object {
          "paddingRight": 10,
          "textAlign": "right",
          "width": 250,
        }
      }
    >
      Tint
      :
    </div>
    <div
      style={
        Object {
          "backgroundColor": "#d92916",
          "border": "1px solid #21242c",
          "height": 30,
          "marginRight": 10,
          "width": 30,
        }
      }
    />
    <div
      style={
        Object {
          "backgroundColor": "#ffffff",
          "color": "#d92916",
          "padding": 10,
        }
      }
    >
      Hello world!
    </div>
    <div
      style={
        Object {
          "backgroundColor": "#f7f8fa",
          "color": "#d92916",
          "padding": 10,
        }
      }
    >
      Hello world!
    </div>
    <div
      style={
        Object {
          "backgroundColor": "rgba(33,36,44,0.64)",
          "color": "#d92916",
          "padding": 10,
        }
      }
    >
      Hello world!
    </div>
    <div
      style={
        Object {
          "backgroundColor": "#0a2a66",
          "color": "#d92916",
          "padding": 10,
        }
      }
    >
      Hello world!
    </div>
  </div>
  <div
    style={
      Object {
        "alignItems": "center",
        "display": "flex",
        "minHeight": 40,
      }
    }
  >
    <div
      style={
        Object {
          "paddingRight": 10,
          "textAlign": "right",
          "width": 250,
        }
      }
    >
      Tint (Light) = Tint + 16% White
      :
    </div>
    <div
      style={
        Object {
          "backgroundColor": "#df4b3b",
          "border": "1px solid #21242c",
          "height": 30,
          "marginRight": 10,
          "width": 30,
        }
      }
    />
    <div
      style={
        Object {
          "backgroundColor": "#ffffff",
          "color": "#df4b3b",
          "padding": 10,
        }
      }
    >
      Hello world!
    </div>
    <div
      style={
        Object {
          "backgroundColor": "#f7f8fa",
          "color": "#df4b3b",
          "padding": 10,
        }
      }
    >
      Hello world!
    </div>
    <div
      style={
        Object {
          "backgroundColor": "rgba(33,36,44,0.64)",
          "color": "#df4b3b",
          "padding": 10,
        }
      }
    >
      Hello world!
    </div>
    <div
      style={
        Object {
          "backgroundColor": "#0a2a66",
          "color": "#df4b3b",
          "padding": 10,
        }
      }
    >
      Hello world!
    </div>
  </div>
  <div
    style={
      Object {
        "alignItems": "center",
        "display": "flex",
        "minHeight": 40,
      }
    }
  >
    <div
      style={
        Object {
          "paddingRight": 10,
          "textAlign": "right",
          "width": 250,
        }
      }
    >
      Tint (Dark) = Tint + 32% Off-Black
      :
    </div>
    <div
      style={
        Object {
          "backgroundColor": "#9e271d",
          "border": "1px solid #21242c",
          "height": 30,
          "marginRight": 10,
          "width": 30,
        }
      }
    />
    <div
      style={
        Object {
          "backgroundColor": "#ffffff",
          "color": "#9e271d",
          "padding": 10,
        }
      }
    >
      Hello world!
    </div>
    <div
      style={
        Object {
          "backgroundColor": "#f7f8fa",
          "color": "#9e271d",
          "padding": 10,
        }
      }
    >
      Hello world!
    </div>
    <div
      style={
        Object {
          "backgroundColor": "rgba(33,36,44,0.64)",
          "color": "#9e271d",
          "padding": 10,
        }
      }
    >
      Hello world!
    </div>
    <div
      style={
        Object {
          "backgroundColor": "#0a2a66",
          "color": "#9e271d",
          "padding": 10,
        }
      }
    >
      Hello world!
    </div>
  </div>
  <div
    style={
      Object {
        "alignItems": "center",
        "display": "flex",
        "minHeight": 40,
      }
    }
  >
    <div
      style={
        Object {
          "paddingRight": 10,
          "textAlign": "right",
          "width": 250,
        }
      }
    >
      Tint (Dark) on Tint = Tint + 32% (Tint + 32% Off-Black)
      :
    </div>
    <div
      style={
        Object {
          "backgroundColor": "#c62818",
          "border": "1px solid #21242c",
          "height": 30,
          "marginRight": 10,
          "width": 30,
        }
      }
    />
    <div
      style={
        Object {
          "backgroundColor": "#ffffff",
          "color": "#c62818",
          "padding": 10,
        }
      }
    >
      Hello world!
    </div>
    <div
      style={
        Object {
          "backgroundColor": "#f7f8fa",
          "color": "#c62818",
          "padding": 10,
        }
      }
    >
      Hello world!
    </div>
    <div
      style={
        Object {
          "backgroundColor": "rgba(33,36,44,0.64)",
          "color": "#c62818",
          "padding": 10,
        }
      }
    >
      Hello world!
    </div>
    <div
      style={
        Object {
          "backgroundColor": "#0a2a66",
          "color": "#c62818",
          "padding": 10,
        }
      }
    >
      Hello world!
    </div>
  </div>
  <div
    style={
      Object {
        "alignItems": "center",
        "display": "flex",
        "minHeight": 40,
      }
    }
  >
    <div
      style={
        Object {
          "paddingRight": 10,
          "textAlign": "right",
          "width": 250,
        }
      }
    >
      Tint (Dark) on White = White + 16% (Tint + 32% Off-Black)
      :
    </div>
    <div
      style={
        Object {
          "backgroundColor": "#efdcdb",
          "border": "1px solid #21242c",
          "height": 30,
          "marginRight": 10,
          "width": 30,
        }
      }
    />
    <div
      style={
        Object {
          "backgroundColor": "#ffffff",
          "color": "#efdcdb",
          "padding": 10,
        }
      }
    >
      Hello world!
    </div>
    <div
      style={
        Object {
          "backgroundColor": "#f7f8fa",
          "color": "#efdcdb",
          "padding": 10,
        }
      }
    >
      Hello world!
    </div>
    <div
      style={
        Object {
          "backgroundColor": "rgba(33,36,44,0.64)",
          "color": "#efdcdb",
          "padding": 10,
        }
      }
    >
      Hello world!
    </div>
    <div
      style={
        Object {
          "backgroundColor": "#0a2a66",
          "color": "#efdcdb",
          "padding": 10,
        }
      }
    >
      Hello world!
    </div>
  </div>
  <div
    style={
      Object {
        "alignItems": "center",
        "display": "flex",
        "minHeight": 40,
      }
    }
  >
    <div
      style={
        Object {
          "paddingRight": 10,
          "textAlign": "right",
          "width": 250,
        }
      }
    >
      Off-Black
      :
    </div>
    <div
      style={
        Object {
          "backgroundColor": "#21242c",
          "border": "1px solid #21242c",
          "height": 30,
          "marginRight": 10,
          "width": 30,
        }
      }
    />
    <div
      style={
        Object {
          "backgroundColor": "#ffffff",
          "color": "#21242c",
          "padding": 10,
        }
      }
    >
      Hello world!
    </div>
    <div
      style={
        Object {
          "backgroundColor": "#f7f8fa",
          "color": "#21242c",
          "padding": 10,
        }
      }
    >
      Hello world!
    </div>
    <div
      style={
        Object {
          "backgroundColor": "rgba(33,36,44,0.64)",
          "color": "#21242c",
          "padding": 10,
        }
      }
    >
      Hello world!
    </div>
    <div
      style={
        Object {
          "backgroundColor": "#0a2a66",
          "color": "#21242c",
          "padding": 10,
        }
      }
    >
      Hello world!
    </div>
  </div>
  <div
    style={
      Object {
        "alignItems": "center",
        "display": "flex",
        "minHeight": 40,
      }
    }
  >
    <div
      style={
        Object {
          "paddingRight": 10,
          "textAlign": "right",
          "width": 250,
        }
      }
    >
      Dark Gray
      :
    </div>
    <div
      style={
        Object {
          "backgroundColor": "#717378",
          "border": "1px solid #21242c",
          "height": 30,
          "marginRight": 10,
          "width": 30,
        }
      }
    />
    <div
      style={
        Object {
          "backgroundColor": "#ffffff",
          "color": "#717378",
          "padding": 10,
        }
      }
    >
      Hello world!
    </div>
    <div
      style={
        Object {
          "backgroundColor": "#f7f8fa",
          "color": "#717378",
          "padding": 10,
        }
      }
    >
      Hello world!
    </div>
    <div
      style={
        Object {
          "backgroundColor": "rgba(33,36,44,0.64)",
          "color": "#717378",
          "padding": 10,
        }
      }
    >
      Hello world!
    </div>
    <div
      style={
        Object {
          "backgroundColor": "#0a2a66",
          "color": "#717378",
          "padding": 10,
        }
      }
    >
      Hello world!
    </div>
  </div>
  <div
    style={
      Object {
        "alignItems": "center",
        "display": "flex",
        "minHeight": 40,
      }
    }
  >
    <div
      style={
        Object {
          "paddingRight": 10,
          "textAlign": "right",
          "width": 250,
        }
      }
    >
      Light Gray
      :
    </div>
    <div
      style={
        Object {
          "backgroundColor": "#b8b9bb",
          "border": "1px solid #21242c",
          "height": 30,
          "marginRight": 10,
          "width": 30,
        }
      }
    />
    <div
      style={
        Object {
          "backgroundColor": "#ffffff",
          "color": "#b8b9bb",
          "padding": 10,
        }
      }
    >
      Hello world!
    </div>
    <div
      style={
        Object {
          "backgroundColor": "#f7f8fa",
          "color": "#b8b9bb",
          "padding": 10,
        }
      }
    >
      Hello world!
    </div>
    <div
      style={
        Object {
          "backgroundColor": "rgba(33,36,44,0.64)",
          "color": "#b8b9bb",
          "padding": 10,
        }
      }
    >
      Hello world!
    </div>
    <div
      style={
        Object {
          "backgroundColor": "#0a2a66",
          "color": "#b8b9bb",
          "padding": 10,
        }
      }
    >
      Hello world!
    </div>
  </div>
</div>
`;
